# demake-game trace v1 console=gb
# props=x,y,xdirection,ydirection,speed,value units=16.16
1 play ball1=655360,589824,-65536,65536,471859,0 paddle1=655360,1114112,0,0,786432,0 paddle2=655360,0,0,0,589824,0 score1=65536,65536,0,0,0,0 score2=1179648,65536,0,0,0,0
2 play ball1=647495,597688,-65536,65536,471859,0 paddle1=655360,1114112,0,0,786432,0 paddle2=645529,0,-65536,0,589824,0 score1=65536,65536,0,0,0,0 score2=1179648,65536,0,0,0,0
3 play ball1=639630,605552,-65536,65536,471859,0 paddle1=655360,1114112,0,0,786432,0 paddle2=635698,0,-65536,0,589824,0 score1=65536,65536,0,0,0,0 score2=1179648,65536,0,0,0,0
4 play ball1=631765,613416,-65536,65536,471859,0 paddle1=655360,1114112,0,0,786432,0 paddle2=625867,0,-65536,0,589824,0 score1=65536,65536,0,0,0,0 score2=1179648,65536,0,0,0,0
5 play ball1=623900,621280,-65536,65536,471859,0 paddle1=655360,1114112,0,0,786432,0 paddle2=616036,0,-65536,0,589824,0 score1=65536,65536,0,0,0,0 score2=1179648,65536,0,0,0,0
6 play ball1=616035,629144,-65536,65536,471859,0 paddle1=655360,1114112,0,0,786432,0 paddle2=606205,0,-65536,0,589824,0 score1=65536,65536,0,0,0,0 score2=1179648,65536,0,0,0,0
7 play ball1=608170,637008,-65536,65536,471859,0 paddle1=655360,1114112,0,0,786432,0 paddle2=596374,0,-65536,0,589824,0 score1=65536,65536,0,0,0,0 score2=1179648,65536,0,0,0,0
8 play ball1=600305,644872,-65536,65536,471859,0 paddle1=655360,1114112,0,0,786432,0 paddle2=586543,0,-65536,0,589824,0 score1=65536,65536,0,0,0,0 score2=1179648,65536,0,0,0,0
9 play ball1=592440,652736,-65536,65536,471859,0 paddle1=655360,1114112,0,0,786432,0 paddle2=576712,0,-65536,0,589824,0 score1=65536,65536,0,0,0,0 score2=1179648,65536,0,0,0,0
10 play ball1=584575,660600,-65536,65536,471859,0 paddle1=655360,1114112,0,0,786432,0 paddle2=566881,0,-65536,0,589824,0 score1=65536,65536,0,0,0,0 score2=1179648,65536,0,0,0,0
11 play ball1=576710,668464,-65536,65536,471859,0 paddle1=655360,1114112,0,0,786432,0 paddle2=557050,0,-65536,0,589824,0 score1=65536,65536,0,0,0,0 score2=1179648,65536,0,0,0,0
12 play ball1=568845,676328,-65536,65536,471859,0 paddle1=655360,1114112,0,0,786432,0 paddle2=547219,0,-65536,0,589824,0 score1=65536,65536,0,0,0,0 score2=1179648,65536,0,0,0,0
13 play ball1=560980,684192,-65536,65536,471859,0 paddle1=655360,1114112,0,0,786432,0 paddle2=537388,0,-65536,0,589824,0 score1=65536,65536,0,0,0,0 score2=1179648,65536,0,0,0,0
14 play ball1=553115,692056,-65536,65536,471859,0 paddle1=655360,1114112,0,0,786432,0 paddle2=527557,0,-65536,0,589824,0 score1=65536,65536,0,0,0,0 score2=1179648,65536,0,0,0,0
15 play ball1=545250,699920,-65536,65536,471859,0 paddle1=655360,1114112,0,0,786432,0 paddle2=517726,0,-65536,0,589824,0 score1=65536,65536,0,0,0,0 score2=1179648,65536,0,0,0,0
16 play ball1=537385,707784,-65536,65536,471859,0 paddle1=655360,1114112,0,0,786432,0 paddle2=507895,0,-65536,0,589824,0 score1=65536,65536,0,0,0,0 score2=1179648,65536,0,0,0,0
17 play ball1=529520,715648,-65536,65536,471859,0 paddle1=655360,1114112,0,0,786432,0 paddle2=498064,0,-65536,0,589824,0 score1=65536,65536,0,0,0,0 score2=1179648,65536,0,0,0,0
18 play ball1=521655,723512,-65536,65536,471859,0 paddle1=655360,1114112,0,0,786432,0 paddle2=488233,0,-65536,0,589824,0 score1=65536,65536,0,0,0,0 score2=1179648,65536,0,0,0,0
19 play ball1=513790,731376,-65536,65536,471859,0 paddle1=655360,1114112,0,0,786432,0 paddle2=478402,0,-65536,0,589824,0 score1=65536,65536,0,0,0,0 score2=1179648,65536,0,0,0,0
20 play ball1=505925,739240,-65536,65536,471859,0 paddle1=655360,1114112,0,0,786432,0 paddle2=468571,0,-65536,0,589824,0 score1=65536,65536,0,0,0,0 score2=1179648,65536,0,0,0,0
21 play ball1=498060,747104,-65536,65536,471859,0 paddle1=655360,1114112,0,0,786432,0 paddle2=458740,0,-65536,0,589824,0 score1=65536,65536,0,0,0,0 score2=1179648,65536,0,0,0,0
22 play ball1=490195,754968,-65536,65536,471859,0 paddle1=655360,1114112,0,0,786432,0 paddle2=448909,0,-65536,0,589824,0 score1=65536,65536,0,0,0,0 score2=1179648,65536,0,0,0,0
23 play ball1=482330,762832,-65536,65536,471859,0 paddle1=655360,1114112,0,0,786432,0 paddle2=439078,0,-65536,0,589824,0 score1=65536,65536,0,0,0,0 score2=1179648,65536,0,0,0,0
24 play ball1=474465,770696,-65536,65536,471859,0 paddle1=655360,1114112,0,0,786432,0 paddle2=429247,0,-65536,0,589824,0 score1=65536,65536,0,0,0,0 score2=1179648,65536,0,0,0,0
25 play ball1=466600,778560,-65536,65536,471859,0 paddle1=655360,1114112,0,0,786432,0 paddle2=419416,0,-65536,0,589824,0 score1=65536,65536,0,0,0,0 score2=1179648,65536,0,0,0,0
26 play ball1=458735,786424,-65536,65536,471859,0 paddle1=655360,1114112,0,0,786432,0 paddle2=410239,0,-61176,0,589824,0 score1=65536,65536,0,0,0,0 score2=1179648,65536,0,0,0,0
27 play ball1=450870,794288,-65536,65536,471859,0 paddle1=655360,1114112,0,0,786432,0 paddle2=401718,0,-56803,0,589824,0 score1=65536,65536,0,0,0,0 score2=1179648,65536,0,0,0,0
28 play ball1=443005,802152,-65536,65536,471859,0 paddle1=655360,1114112,0,0,786432,0 paddle2=393525,0,-54616,0,589824,0 score1=65536,65536,0,0,0,0 score2=1179648,65536,0,0,0,0
29 play ball1=435140,810016,-65536,65536,471859,0 paddle1=655360,1114112,0,0,786432,0 paddle2=385496,0,-53523,0,589824,0 score1=65536,65536,0,0,0,0 score2=1179648,65536,0,0,0,0
30 play ball1=427275,817880,-65536,65536,471859,0 paddle1=655360,1114112,0,0,786432,0 paddle2=377549,0,-52976,0,589824,0 score1=65536,65536,0,0,0,0 score2=1179648,65536,0,0,0,0
31 play ball1=419410,825744,-65536,65536,471859,0 paddle1=655360,1114112,0,0,786432,0 paddle2=369643,0,-52703,0,589824,0 score1=65536,65536,0,0,0,0 score2=1179648,65536,0,0,0,0
32 play ball1=411545,833608,-65536,65536,471859,0 paddle1=655360,1114112,0,0,786432,0 paddle2=361758,0,-52566,0,589824,0 score1=65536,65536,0,0,0,0 score2=1179648,65536,0,0,0,0
33 play ball1=403680,841472,-65536,65536,471859,0 paddle1=655360,1114112,0,0,786432,0 paddle2=353883,0,-52499,0,589824,0 score1=65536,65536,0,0,0,0 score2=1179648,65536,0,0,0,0
34 play ball1=395815,849336,-65536,65536,471859,0 paddle1=655360,1114112,0,0,786432,0 paddle2=346013,0,-52466,0,589824,0 score1=65536,65536,0,0,0,0 score2=1179648,65536,0,0,0,0
35 play ball1=387950,857200,-65536,65536,471859,0 paddle1=655360,1114112,0,0,786432,0 paddle2=338145,0,-52449,0,589824,0 score1=65536,65536,0,0,0,0 score2=1179648,65536,0,0,0,0
36 play ball1=380085,865064,-65536,65536,471859,0 paddle1=655360,1114112,0,0,786432,0 paddle2=330279,0,-52439,0,589824,0 score1=65536,65536,0,0,0,0 score2=1179648,65536,0,0,0,0
37 play ball1=372220,872928,-65536,65536,471859,0 paddle1=655360,1114112,0,0,786432,0 paddle2=322413,0,-52436,0,589824,0 score1=65536,65536,0,0,0,0 score2=1179648,65536,0,0,0,0
38 play ball1=364355,880792,-65536,65536,471859,0 paddle1=655360,1114112,0,0,786432,0 paddle2=314548,0,-52433,0,589824,0 score1=65536,65536,0,0,0,0 score2=1179648,65536,0,0,0,0
39 play ball1=356490,888656,-65536,65536,471859,0 paddle1=655360,1114112,0,0,786432,0 paddle2=306683,0,-52433,0,589824,0 score1=65536,65536,0,0,0,0 score2=1179648,65536,0,0,0,0
40 play ball1=348625,896520,-65536,65536,471859,0 paddle1=655360,1114112,0,0,786432,0 paddle2=298818,0,-52433,0,589824,0 score1=65536,65536,0,0,0,0 score2=1179648,65536,0,0,0,0
41 play ball1=340760,904384,-65536,65536,471859,0 paddle1=655360,1114112,0,0,786432,0 paddle2=290953,0,-52433,0,589824,0 score1=65536,65536,0,0,0,0 score2=1179648,65536,0,0,0,0
42 play ball1=332895,912248,-65536,65536,471859,0 paddle1=655360,1114112,0,0,786432,0 paddle2=283088,0,-52433,0,589824,0 score1=65536,65536,0,0,0,0 score2=1179648,65536,0,0,0,0
43 play ball1=325030,920112,-65536,65536,471859,0 paddle1=655360,1114112,0,0,786432,0 paddle2=275223,0,-52433,0,589824,0 score1=65536,65536,0,0,0,0 score2=1179648,65536,0,0,0,0
44 play ball1=317165,927976,-65536,65536,471859,0 paddle1=655360,1114112,0,0,786432,0 paddle2=267358,0,-52433,0,589824,0 score1=65536,65536,0,0,0,0 score2=1179648,65536,0,0,0,0
45 play ball1=309300,935840,-65536,65536,471859,0 paddle1=655360,1114112,0,0,786432,0 paddle2=259493,0,-52433,0,589824,0 score1=65536,65536,0,0,0,0 score2=1179648,65536,0,0,0,0
46 play ball1=301435,943704,-65536,65536,471859,0 paddle1=655360,1114112,0,0,786432,0 paddle2=251628,0,-52433,0,589824,0 score1=65536,65536,0,0,0,0 score2=1179648,65536,0,0,0,0
47 play ball1=293570,951568,-65536,65536,471859,0 paddle1=655360,1114112,0,0,786432,0 paddle2=243763,0,-52433,0,589824,0 score1=65536,65536,0,0,0,0 score2=1179648,65536,0,0,0,0
48 play ball1=285705,959432,-65536,65536,471859,0 paddle1=655360,1114112,0,0,786432,0 paddle2=235898,0,-52433,0,589824,0 score1=65536,65536,0,0,0,0 score2=1179648,65536,0,0,0,0
49 play ball1=277840,967296,-65536,65536,471859,0 paddle1=655360,1114112,0,0,786432,0 paddle2=228033,0,-52433,0,589824,0 score1=65536,65536,0,0,0,0 score2=1179648,65536,0,0,0,0
50 play ball1=269975,975160,-65536,65536,471859,0 paddle1=655360,1114112,0,0,786432,0 paddle2=220168,0,-52433,0,589824,0 score1=65536,65536,0,0,0,0 score2=1179648,65536,0,0,0,0
51 play ball1=262110,983024,-65536,65536,471859,0 paddle1=655360,1114112,0,0,786432,0 paddle2=212303,0,-52433,0,589824,0 score1=65536,65536,0,0,0,0 score2=1179648,65536,0,0,0,0
52 play ball1=254245,990888,-65536,65536,471859,0 paddle1=655360,1114112,0,0,786432,0 paddle2=204438,0,-52433,0,589824,0 score1=65536,65536,0,0,0,0 score2=1179648,65536,0,0,0,0
53 play ball1=246380,998752,-65536,65536,471859,0 paddle1=655360,1114112,0,0,786432,0 paddle2=196573,0,-52433,0,589824,0 score1=65536,65536,0,0,0,0 score2=1179648,65536,0,0,0,0
54 play ball1=238515,1006616,-65536,65536,471859,0 paddle1=655360,1114112,0,0,786432,0 paddle2=188708,0,-52433,0,589824,0 score1=65536,65536,0,0,0,0 score2=1179648,65536,0,0,0,0
55 play ball1=230650,1014480,-65536,65536,471859,0 paddle1=655360,1114112,0,0,786432,0 paddle2=180843,0,-52433,0,589824,0 score1=65536,65536,0,0,0,0 score2=1179648,65536,0,0,0,0
56 play ball1=222785,1022344,-65536,65536,471859,0 paddle1=655360,1114112,0,0,786432,0 paddle2=172978,0,-52433,0,589824,0 score1=65536,65536,0,0,0,0 score2=1179648,65536,0,0,0,0
57 play ball1=214920,1030208,-65536,65536,471859,0 paddle1=655360,1114112,0,0,786432,0 paddle2=165113,0,-52433,0,589824,0 score1=65536,65536,0,0,0,0 score2=1179648,65536,0,0,0,0
58 play ball1=207055,1038072,-65536,65536,471859,0 paddle1=655360,1114112,0,0,786432,0 paddle2=157248,0,-52433,0,589824,0 score1=65536,65536,0,0,0,0 score2=1179648,65536,0,0,0,0
59 play ball1=199190,1045936,-65536,65536,471859,0 paddle1=655360,1114112,0,0,786432,0 paddle2=149383,0,-52433,0,589824,0 score1=65536,65536,0,0,0,0 score2=1179648,65536,0,0,0,0
60 play ball1=191325,1053800,-65536,65536,471859,0 paddle1=655360,1114112,0,0,786432,0 paddle2=141518,0,-52433,0,589824,0 score1=65536,65536,0,0,0,0 score2=1179648,65536,0,0,0,0
61 play ball1=183460,1061664,-65536,65536,471859,0 paddle1=655360,1114112,0,0,786432,0 paddle2=133653,0,-52433,0,589824,0 score1=65536,65536,0,0,0,0 score2=1179648,65536,0,0,0,0
62 play ball1=175595,1069528,-65536,65536,471859,0 paddle1=655360,1114112,0,0,786432,0 paddle2=125788,0,-52433,0,589824,0 score1=65536,65536,0,0,0,0 score2=1179648,65536,0,0,0,0
63 play ball1=167730,1077392,-65536,65536,471859,0 paddle1=655360,1114112,0,0,786432,0 paddle2=117923,0,-52433,0,589824,0 score1=65536,65536,0,0,0,0 score2=1179648,65536,0,0,0,0
64 play ball1=159865,1085256,-65536,65536,471859,0 paddle1=655360,1114112,0,0,786432,0 paddle2=110058,0,-52433,0,589824,0 score1=65536,65536,0,0,0,0 score2=1179648,65536,0,0,0,0
65 play ball1=152000,1093120,-65536,65536,471859,0 paddle1=655360,1114112,0,0,786432,0 paddle2=102193,0,-52433,0,589824,0 score1=65536,65536,0,0,0,0 score2=1179648,65536,0,0,0,0
66 play ball1=144135,1100984,-65536,65536,471859,0 paddle1=655360,1114112,0,0,786432,0 paddle2=94328,0,-52433,0,589824,0 score1=65536,65536,0,0,0,0 score2=1179648,65536,0,0,0,0
67 play ball1=136270,1108848,-65536,65536,471859,0 paddle1=655360,1114112,0,0,786432,0 paddle2=86463,0,-52433,0,589824,0 score1=65536,65536,0,0,0,0 score2=1179648,65536,0,0,0,0
68 play ball1=655360,589824,-65536,-65536,471859,0 paddle1=655360,1114112,0,0,786432,0 paddle2=78598,0,-52433,0,589824,0 score1=65536,65536,0,0,0,0 score2=1179648,65536,0,0,0,65536
69 play ball1=647495,581959,-65536,-65536,471859,0 paddle1=655360,1114112,0,0,786432,0 paddle2=88428,0,65536,0,589824,0 score1=65536,65536,0,0,0,0 score2=1179648,65536,0,0,0,65536
70 play ball1=639630,574094,-65536,-65536,471859,0 paddle1=655360,1114112,0,0,786432,0 paddle2=98258,0,65536,0,589824,0 score1=65536,65536,0,0,0,0 score2=1179648,65536,0,0,0,65536
71 play ball1=631765,566229,-65536,-65536,471859,0 paddle1=655360,1114112,0,0,786432,0 paddle2=108088,0,65536,0,589824,0 score1=65536,65536,0,0,0,0 score2=1179648,65536,0,0,0,65536
72 play ball1=623900,558364,-65536,-65536,471859,0 paddle1=655360,1114112,0,0,786432,0 paddle2=117918,0,65536,0,589824,0 score1=65536,65536,0,0,0,0 score2=1179648,65536,0,0,0,65536
73 play ball1=616035,550499,-65536,-65536,471859,0 paddle1=655360,1114112,0,0,786432,0 paddle2=127748,0,65536,0,589824,0 score1=65536,65536,0,0,0,0 score2=1179648,65536,0,0,0,65536
74 play ball1=608170,542634,-65536,-65536,471859,0 paddle1=655360,1114112,0,0,786432,0 paddle2=137578,0,65536,0,589824,0 score1=65536,65536,0,0,0,0 score2=1179648,65536,0,0,0,65536
75 play ball1=600305,534769,-65536,-65536,471859,0 paddle1=655360,1114112,0,0,786432,0 paddle2=147408,0,65536,0,589824,0 score1=65536,65536,0,0,0,0 score2=1179648,65536,0,0,0,65536
76 play ball1=592440,526904,-65536,-65536,471859,0 paddle1=655360,1114112,0,0,786432,0 paddle2=157238,0,65536,0,589824,0 score1=65536,65536,0,0,0,0 score2=1179648,65536,0,0,0,65536
77 play ball1=584575,519039,-65536,-65536,471859,0 paddle1=655360,1114112,0,0,786432,0 paddle2=167068,0,65536,0,589824,0 score1=65536,65536,0,0,0,0 score2=1179648,65536,0,0,0,65536
78 play ball1=576710,511174,-65536,-65536,471859,0 paddle1=655360,1114112,0,0,786432,0 paddle2=176898,0,65536,0,589824,0 score1=65536,65536,0,0,0,0 score2=1179648,65536,0,0,0,65536
79 play ball1=568845,503309,-65536,-65536,471859,0 paddle1=655360,1114112,0,0,786432,0 paddle2=186728,0,65536,0,589824,0 score1=65536,65536,0,0,0,0 score2=1179648,65536,0,0,0,65536
80 play ball1=560980,495444,-65536,-65536,471859,0 paddle1=655360,1114112,0,0,786432,0 paddle2=196558,0,65536,0,589824,0 score1=65536,65536,0,0,0,0 score2=1179648,65536,0,0,0,65536
81 play ball1=553115,487579,-65536,-65536,471859,0 paddle1=655360,1114112,0,0,786432,0 paddle2=206388,0,65536,0,589824,0 score1=65536,65536,0,0,0,0 score2=1179648,65536,0,0,0,65536
82 play ball1=545250,479714,-65536,-65536,471859,0 paddle1=655360,1114112,0,0,786432,0 paddle2=216218,0,65536,0,589824,0 score1=65536,65536,0,0,0,0 score2=1179648,65536,0,0,0,65536
83 play ball1=537385,471849,-65536,-65536,471859,0 paddle1=655360,1114112,0,0,786432,0 paddle2=226048,0,65536,0,589824,0 score1=65536,65536,0,0,0,0 score2=1179648,65536,0,0,0,65536
84 play ball1=529520,463984,-65536,-65536,471859,0 paddle1=655360,1114112,0,0,786432,0 paddle2=235878,0,65536,0,589824,0 score1=65536,65536,0,0,0,0 score2=1179648,65536,0,0,0,65536
85 play ball1=521655,456119,-65536,-65536,471859,0 paddle1=655360,1114112,0,0,786432,0 paddle2=245708,0,65536,0,589824,0 score1=65536,65536,0,0,0,0 score2=1179648,65536,0,0,0,65536
86 play ball1=513790,448254,-65536,-65536,471859,0 paddle1=655360,1114112,0,0,786432,0 paddle2=255538,0,65536,0,589824,0 score1=65536,65536,0,0,0,0 score2=1179648,65536,0,0,0,65536
87 play ball1=505925,440389,-65536,-65536,471859,0 paddle1=655360,1114112,0,0,786432,0 paddle2=265368,0,65536,0,589824,0 score1=65536,65536,0,0,0,0 score2=1179648,65536,0,0,0,65536
88 play ball1=498060,432524,-65536,-65536,471859,0 paddle1=655360,1114112,0,0,786432,0 paddle2=275198,0,65536,0,589824,0 score1=65536,65536,0,0,0,0 score2=1179648,65536,0,0,0,65536
89 play ball1=490195,424659,-65536,-65536,471859,0 paddle1=655360,1114112,0,0,786432,0 paddle2=285028,0,65536,0,589824,0 score1=65536,65536,0,0,0,0 score2=1179648,65536,0,0,0,65536
90 play ball1=482330,416794,-65536,-65536,471859,0 paddle1=655360,1114112,0,0,786432,0 paddle2=294858,0,65536,0,589824,0 score1=65536,65536,0,0,0,0 score2=1179648,65536,0,0,0,65536
91 play ball1=474465,408929,-65536,-65536,471859,0 paddle1=655360,1114112,0,0,786432,0 paddle2=304688,0,65536,0,589824,0 score1=65536,65536,0,0,0,0 score2=1179648,65536,0,0,0,65536
92 play ball1=466600,401064,-65536,-65536,471859,0 paddle1=642252,1114112,-65536,0,786432,0 paddle2=314518,0,65536,0,589824,0 score1=65536,65536,0,0,0,0 score2=1179648,65536,0,0,0,65536
93 play ball1=458735,393199,-65536,-65536,471859,0 paddle1=629144,1114112,-65536,0,786432,0 paddle2=324348,0,65536,0,589824,0 score1=65536,65536,0,0,0,0 score2=1179648,65536,0,0,0,65536
94 play ball1=450870,385334,-65536,-65536,471859,0 paddle1=616036,1114112,-65536,0,786432,0 paddle2=334178,0,65536,0,589824,0 score1=65536,65536,0,0,0,0 score2=1179648,65536,0,0,0,65536
95 play ball1=443005,377469,-65536,-65536,471859,0 paddle1=602928,1114112,-65536,0,786432,0 paddle2=344008,0,65536,0,589824,0 score1=65536,65536,0,0,0,0 score2=1179648,65536,0,0,0,65536
96 play ball1=435140,369604,-65536,-65536,471859,0 paddle1=589820,1114112,-65536,0,786432,0 paddle2=353838,0,65536,0,589824,0 score1=65536,65536,0,0,0,0 score2=1179648,65536,0,0,0,65536
97 play ball1=427275,361739,-65536,-65536,471859,0 paddle1=576712,1114112,-65536,0,786432,0 paddle2=361721,0,52555,0,589824,0 score1=65536,65536,0,0,0,0 score2=1179648,65536,0,0,0,65536
98 play ball1=419410,353874,-65536,-65536,471859,0 paddle1=563604,1114112,-65536,0,786432,0 paddle2=361730,0,60,0,589824,0 score1=65536,65536,0,0,0,0 score2=1179648,65536,0,0,0,65536
99 play ball1=411545,346009,-65536,-65536,471859,0 paddle1=550496,1114112,-65536,0,786432,0 paddle2=357801,0,-26188,0,589824,0 score1=65536,65536,0,0,0,0 score2=1179648,65536,0,0,0,65536
100 play ball1=403680,338144,-65536,-65536,471859,0 paddle1=537388,1114112,-65536,0,786432,0 paddle2=351904,0,-39309,0,589824,0 score1=65536,65536,0,0,0,0 score2=1179648,65536,0,0,0,65536
101 play ball1=395815,330279,-65536,-65536,471859,0 paddle1=524280,1114112,-65536,0,786432,0 paddle2=345023,0,-45869,0,589824,0 score1=65536,65536,0,0,0,0 score2=1179648,65536,0,0,0,65536
102 play ball1=387950,322414,-65536,-65536,471859,0 paddle1=511172,1114112,-65536,0,786432,0 paddle2=337650,0,-49149,0,589824,0 score1=65536,65536,0,0,0,0 score2=1179648,65536,0,0,0,65536
103 play ball1=380085,314549,-65536,-65536,471859,0 paddle1=498064,1114112,-65536,0,786432,0 paddle2=330031,0,-50789,0,589824,0 score1=65536,65536,0,0,0,0 score2=1179648,65536,0,0,0,65536
104 play ball1=372220,306684,-65536,-65536,471859,0 paddle1=484956,1114112,-65536,0,786432,0 paddle2=322289,0,-51609,0,589824,0 score1=65536,65536,0,0,0,0 score2=1179648,65536,0,0,0,65536
105 play ball1=364355,298819,-65536,-65536,471859,0 paddle1=471848,1114112,-65536,0,786432,0 paddle2=314486,0,-52019,0,589824,0 score1=65536,65536,0,0,0,0 score2=1179648,65536,0,0,0,65536
106 play ball1=356490,290954,-65536,-65536,471859,0 paddle1=458740,1114112,-65536,0,786432,0 paddle2=306652,0,-52226,0,589824,0 score1=65536,65536,0,0,0,0 score2=1179648,65536,0,0,0,65536
107 play ball1=348625,283089,-65536,-65536,471859,0 paddle1=445632,1114112,-65536,0,786432,0 paddle2=298802,0,-52329,0,589824,0 score1=65536,65536,0,0,0,0 score2=1179648,65536,0,0,0,65536
108 play ball1=340760,275224,-65536,-65536,471859,0 paddle1=432524,1114112,-65536,0,786432,0 paddle2=290945,0,-52379,0,589824,0 score1=65536,65536,0,0,0,0 score2=1179648,65536,0,0,0,65536
109 play ball1=332895,267359,-65536,-65536,471859,0 paddle1=419416,1114112,-65536,0,786432,0 paddle2=283084,0,-52406,0,589824,0 score1=65536,65536,0,0,0,0 score2=1179648,65536,0,0,0,65536
110 play ball1=325030,259494,-65536,-65536,471859,0 paddle1=406308,1114112,-65536,0,786432,0 paddle2=275221,0,-52419,0,589824,0 score1=65536,65536,0,0,0,0 score2=1179648,65536,0,0,0,65536
111 play ball1=317165,251629,-65536,-65536,471859,0 paddle1=393200,1114112,-65536,0,786432,0 paddle2=267357,0,-52426,0,589824,0 score1=65536,65536,0,0,0,0 score2=1179648,65536,0,0,0,65536
112 play ball1=309300,243764,-65536,-65536,471859,0 paddle1=380092,1114112,-65536,0,786432,0 paddle2=259492,0,-52429,0,589824,0 score1=65536,65536,0,0,0,0 score2=1179648,65536,0,0,0,65536
113 play ball1=301435,235899,-65536,-65536,471859,0 paddle1=366984,1114112,-65536,0,786432,0 paddle2=251627,0,-52429,0,589824,0 score1=65536,65536,0,0,0,0 score2=1179648,65536,0,0,0,65536
114 play ball1=293570,228034,-65536,-65536,471859,0 paddle1=353876,1114112,-65536,0,786432,0 paddle2=243762,0,-52429,0,589824,0 score1=65536,65536,0,0,0,0 score2=1179648,65536,0,0,0,65536
115 play ball1=285705,220169,-65536,-65536,471859,0 paddle1=340768,1114112,-65536,0,786432,0 paddle2=235897,0,-52429,0,589824,0 score1=65536,65536,0,0,0,0 score2=1179648,65536,0,0,0,65536
116 play ball1=277840,212304,-65536,-65536,471859,0 paddle1=327660,1114112,-65536,0,786432,0 paddle2=228032,0,-52429,0,589824,0 score1=65536,65536,0,0,0,0 score2=1179648,65536,0,0,0,65536
117 play ball1=269975,204439,-65536,-65536,471859,0 paddle1=314552,1114112,-65536,0,786432,0 paddle2=220167,0,-52429,0,589824,0 score1=65536,65536,0,0,0,0 score2=1179648,65536,0,0,0,65536
118 play ball1=262110,196574,-65536,-65536,471859,0 paddle1=301444,1114112,-65536,0,786432,0 paddle2=212302,0,-52429,0,589824,0 score1=65536,65536,0,0,0,0 score2=1179648,65536,0,0,0,65536
119 play ball1=254245,188709,-65536,-65536,471859,0 paddle1=288336,1114112,-65536,0,786432,0 paddle2=204437,0,-52429,0,589824,0 score1=65536,65536,0,0,0,0 score2=1179648,65536,0,0,0,65536
120 play ball1=246380,180844,-65536,-65536,471859,0 paddle1=275228,1114112,-65536,0,786432,0 paddle2=196572,0,-52429,0,589824,0 score1=65536,65536,0,0,0,0 score2=1179648,65536,0,0,0,65536
121 play ball1=238515,172979,-65536,-65536,471859,0 paddle1=262120,1114112,-65536,0,786432,0 paddle2=188707,0,-52429,0,589824,0 score1=65536,65536,0,0,0,0 score2=1179648,65536,0,0,0,65536
122 play ball1=230650,165114,-65536,-65536,471859,0 paddle1=249012,1114112,-65536,0,786432,0 paddle2=180842,0,-52429,0,589824,0 score1=65536,65536,0,0,0,0 score2=1179648,65536,0,0,0,65536
123 play ball1=222785,157249,-65536,-65536,471859,0 paddle1=235904,1114112,-65536,0,786432,0 paddle2=172977,0,-52429,0,589824,0 score1=65536,65536,0,0,0,0 score2=1179648,65536,0,0,0,65536
124 play ball1=214920,149384,-65536,-65536,471859,0 paddle1=222796,1114112,-65536,0,786432,0 paddle2=165112,0,-52429,0,589824,0 score1=65536,65536,0,0,0,0 score2=1179648,65536,0,0,0,65536
125 play ball1=207055,141519,-65536,-65536,471859,0 paddle1=209688,1114112,-65536,0,786432,0 paddle2=157247,0,-52429,0,589824,0 score1=65536,65536,0,0,0,0 score2=1179648,65536,0,0,0,65536
126 play ball1=199190,133654,-65536,-65536,471859,0 paddle1=196580,1114112,-65536,0,786432,0 paddle2=149382,0,-52429,0,589824,0 score1=65536,65536,0,0,0,0 score2=1179648,65536,0,0,0,65536
127 play ball1=191325,125789,-65536,-65536,471859,0 paddle1=183472,1114112,-65536,0,786432,0 paddle2=141517,0,-52429,0,589824,0 score1=65536,65536,0,0,0,0 score2=1179648,65536,0,0,0,65536
128 play ball1=183460,117924,-65536,-65536,471859,0 paddle1=170364,1114112,-65536,0,786432,0 paddle2=133652,0,-52429,0,589824,0 score1=65536,65536,0,0,0,0 score2=1179648,65536,0,0,0,65536
129 play ball1=175595,110059,-65536,-65536,471859,0 paddle1=157256,1114112,-65536,0,786432,0 paddle2=125787,0,-52429,0,589824,0 score1=65536,65536,0,0,0,0 score2=1179648,65536,0,0,0,65536
130 play ball1=167730,102194,-65536,-65536,471859,0 paddle1=144148,1114112,-65536,0,786432,0 paddle2=117922,0,-52429,0,589824,0 score1=65536,65536,0,0,0,0 score2=1179648,65536,0,0,0,65536
131 play ball1=159865,94329,-65536,-65536,471859,0 paddle1=131040,1114112,-65536,0,786432,0 paddle2=110057,0,-52429,0,589824,0 score1=65536,65536,0,0,0,0 score2=1179648,65536,0,0,0,65536
132 play ball1=152000,86464,-65536,-65536,471859,0 paddle1=117932,1114112,-65536,0,786432,0 paddle2=102192,0,-52429,0,589824,0 score1=65536,65536,0,0,0,0 score2=1179648,65536,0,0,0,65536
133 play ball1=144135,78599,-65536,-65536,471859,0 paddle1=104824,1114112,-65536,0,786432,0 paddle2=94327,0,-52429,0,589824,0 score1=65536,65536,0,0,0,0 score2=1179648,65536,0,0,0,65536
134 play ball1=136270,70734,-65536,-65536,471859,0 paddle1=91716,1114112,-65536,0,786432,0 paddle2=86462,0,-52429,0,589824,0 score1=65536,65536,0,0,0,0 score2=1179648,65536,0,0,0,65536
135 play ball1=128405,65536,-5243,65536,471859,0 paddle1=78608,1114112,-65536,0,786432,0 paddle2=78597,0,-52429,0,589824,0 score1=65536,65536,0,0,0,0 score2=1179648,65536,0,0,0,65536
136 play ball1=127775,73400,-5243,65536,471859,0 paddle1=65500,1114112,-65536,0,786432,0 paddle2=70732,0,-52429,0,589824,0 score1=65536,65536,0,0,0,0 score2=1179648,65536,0,0,0,65536
137 play ball1=127145,81264,-5243,65536,471859,0 paddle1=52392,1114112,-65536,0,786432,0 paddle2=66485,0,-28312,0,589824,0 score1=65536,65536,0,0,0,0 score2=1179648,65536,0,0,0,65536
138 play ball1=126515,89128,-5243,65536,471859,0 paddle1=39284,1114112,-65536,0,786432,0 paddle2=64046,0,-16254,0,589824,0 score1=65536,65536,0,0,0,0 score2=1179648,65536,0,0,0,65536
139 play ball1=125885,96992,-5243,65536,471859,0 paddle1=26176,1114112,-65536,0,786432,0 paddle2=62512,0,-10224,0,589824,0 score1=65536,65536,0,0,0,0 score2=1179648,65536,0,0,0,65536
140 play ball1=125255,104856,-5243,65536,471859,0 paddle1=13068,1114112,-65536,0,786432,0 paddle2=61430,0,-7211,0,589824,0 score1=65536,65536,0,0,0,0 score2=1179648,65536,0,0,0,65536
141 play ball1=124625,112720,-5243,65536,471859,0 paddle1=0,1114112,0,0,786432,0 paddle2=60574,0,-5704,0,589824,0 score1=65536,65536,0,0,0,0 score2=1179648,65536,0,0,0,65536
142 play ball1=123995,120584,-5243,65536,471859,0 paddle1=0,1114112,-65536,0,786432,0 paddle2=59831,0,-4951,0,589824,0 score1=65536,65536,0,0,0,0 score2=1179648,65536,0,0,0,65536
143 play ball1=123365,128448,-5243,65536,471859,0 paddle1=0,1114112,-65536,0,786432,0 paddle2=59144,0,-4574,0,589824,0 score1=65536,65536,0,0,0,0 score2=1179648,65536,0,0,0,65536
144 play ball1=122735,136312,-5243,65536,471859,0 paddle1=0,1114112,-65536,0,786432,0 paddle2=58486,0,-4384,0,589824,0 score1=65536,65536,0,0,0,0 score2=1179648,65536,0,0,0,65536
145 play ball1=122105,144176,-5243,65536,471859,0 paddle1=0,1114112,-65536,0,786432,0 paddle2=57842,0,-4291,0,589824,0 score1=65536,65536,0,0,0,0 score2=1179648,65536,0,0,0,65536
146 play ball1=121475,152040,-5243,65536,471859,0 paddle1=0,1114112,-65536,0,786432,0 paddle2=57205,0,-4244,0,589824,0 score1=65536,65536,0,0,0,0 score2=1179648,65536,0,0,0,65536
147 play ball1=120845,159904,-5243,65536,471859,0 paddle1=0,1114112,-65536,0,786432,0 paddle2=56571,0,-4221,0,589824,0 score1=65536,65536,0,0,0,0 score2=1179648,65536,0,0,0,65536
148 play ball1=120215,167768,-5243,65536,471859,0 paddle1=0,1114112,-65536,0,786432,0 paddle2=55939,0,-4207,0,589824,0 score1=65536,65536,0,0,0,0 score2=1179648,65536,0,0,0,65536
149 play ball1=119585,175632,-5243,65536,471859,0 paddle1=0,1114112,-65536,0,786432,0 paddle2=55308,0,-4201,0,589824,0 score1=65536,65536,0,0,0,0 score2=1179648,65536,0,0,0,65536
150 play ball1=118955,183496,-5243,65536,471859,0 paddle1=0,1114112,-65536,0,786432,0 paddle2=54678,0,-4197,0,589824,0 score1=65536,65536,0,0,0,0 score2=1179648,65536,0,0,0,65536
151 play ball1=118325,191360,-5243,65536,471859,0 paddle1=0,1114112,-65536,0,786432,0 paddle2=54048,0,-4197,0,589824,0 score1=65536,65536,0,0,0,0 score2=1179648,65536,0,0,0,65536
152 play ball1=117695,199224,-5243,65536,471859,0 paddle1=0,1114112,-65536,0,786432,0 paddle2=53418,0,-4197,0,589824,0 score1=65536,65536,0,0,0,0 score2=1179648,65536,0,0,0,65536
153 play ball1=117065,207088,-5243,65536,471859,0 paddle1=0,1114112,-65536,0,786432,0 paddle2=52788,0,-4197,0,589824,0 score1=65536,65536,0,0,0,0 score2=1179648,65536,0,0,0,65536
154 play ball1=116435,214952,-5243,65536,471859,0 paddle1=0,1114112,-65536,0,786432,0 paddle2=52158,0,-4197,0,589824,0 score1=65536,65536,0,0,0,0 score2=1179648,65536,0,0,0,65536
155 play ball1=115805,222816,-5243,65536,471859,0 paddle1=0,1114112,-65536,0,786432,0 paddle2=51528,0,-4197,0,589824,0 score1=65536,65536,0,0,0,0 score2=1179648,65536,0,0,0,65536
156 play ball1=115175,230680,-5243,65536,471859,0 paddle1=0,1114112,-65536,0,786432,0 paddle2=50898,0,-4197,0,589824,0 score1=65536,65536,0,0,0,0 score2=1179648,65536,0,0,0,65536
157 play ball1=114545,238544,-5243,65536,471859,0 paddle1=0,1114112,-65536,0,786432,0 paddle2=50268,0,-4197,0,589824,0 score1=65536,65536,0,0,0,0 score2=1179648,65536,0,0,0,65536
158 play ball1=113915,246408,-5243,65536,471859,0 paddle1=0,1114112,-65536,0,786432,0 paddle2=49638,0,-4197,0,589824,0 score1=65536,65536,0,0,0,0 score2=1179648,65536,0,0,0,65536
159 play ball1=113285,254272,-5243,65536,471859,0 paddle1=0,1114112,-65536,0,786432,0 paddle2=49008,0,-4197,0,589824,0 score1=65536,65536,0,0,0,0 score2=1179648,65536,0,0,0,65536
160 play ball1=112655,262136,-5243,65536,471859,0 paddle1=0,1114112,-65536,0,786432,0 paddle2=48378,0,-4197,0,589824,0 score1=65536,65536,0,0,0,0 score2=1179648,65536,0,0,0,65536
161 play ball1=112025,270000,-5243,65536,471859,0 paddle1=0,1114112,-65536,0,786432,0 paddle2=47748,0,-4197,0,589824,0 score1=65536,65536,0,0,0,0 score2=1179648,65536,0,0,0,65536
162 play ball1=111395,277864,-5243,65536,471859,0 paddle1=0,1114112,-65536,0,786432,0 paddle2=47118,0,-4197,0,589824,0 score1=65536,65536,0,0,0,0 score2=1179648,65536,0,0,0,65536
163 play ball1=110765,285728,-5243,65536,471859,0 paddle1=0,1114112,-65536,0,786432,0 paddle2=46488,0,-4197,0,589824,0 score1=65536,65536,0,0,0,0 score2=1179648,65536,0,0,0,65536
164 play ball1=110135,293592,-5243,65536,471859,0 paddle1=0,1114112,-65536,0,786432,0 paddle2=45858,0,-4197,0,589824,0 score1=65536,65536,0,0,0,0 score2=1179648,65536,0,0,0,65536
165 play ball1=109505,301456,-5243,65536,471859,0 paddle1=0,1114112,-65536,0,786432,0 paddle2=45228,0,-4197,0,589824,0 score1=65536,65536,0,0,0,0 score2=1179648,65536,0,0,0,65536
166 play ball1=108875,309320,-5243,65536,471859,0 paddle1=0,1114112,-65536,0,786432,0 paddle2=44598,0,-4197,0,589824,0 score1=65536,65536,0,0,0,0 score2=1179648,65536,0,0,0,65536
167 play ball1=108245,317184,-5243,65536,471859,0 paddle1=0,1114112,-65536,0,786432,0 paddle2=43968,0,-4197,0,589824,0 score1=65536,65536,0,0,0,0 score2=1179648,65536,0,0,0,65536
168 play ball1=107615,325048,-5243,65536,471859,0 paddle1=0,1114112,-65536,0,786432,0 paddle2=43338,0,-4197,0,589824,0 score1=65536,65536,0,0,0,0 score2=1179648,65536,0,0,0,65536
169 play ball1=106985,332912,-5243,65536,471859,0 paddle1=0,1114112,-65536,0,786432,0 paddle2=42708,0,-4197,0,589824,0 score1=65536,65536,0,0,0,0 score2=1179648,65536,0,0,0,65536
170 play ball1=106355,340776,-5243,65536,471859,0 paddle1=0,1114112,-65536,0,786432,0 paddle2=42078,0,-4197,0,589824,0 score1=65536,65536,0,0,0,0 score2=1179648,65536,0,0,0,65536
171 play ball1=105725,348640,-5243,65536,471859,0 paddle1=0,1114112,-65536,0,786432,0 paddle2=41448,0,-4197,0,589824,0 score1=65536,65536,0,0,0,0 score2=1179648,65536,0,0,0,65536
172 play ball1=105095,356504,-5243,65536,471859,0 paddle1=0,1114112,-65536,0,786432,0 paddle2=40818,0,-4197,0,589824,0 score1=65536,65536,0,0,0,0 score2=1179648,65536,0,0,0,65536
173 play ball1=104465,364368,-5243,65536,471859,0 paddle1=0,1114112,-65536,0,786432,0 paddle2=40188,0,-4197,0,589824,0 score1=65536,65536,0,0,0,0 score2=1179648,65536,0,0,0,65536
174 play ball1=103835,372232,-5243,65536,471859,0 paddle1=0,1114112,-65536,0,786432,0 paddle2=39558,0,-4197,0,589824,0 score1=65536,65536,0,0,0,0 score2=1179648,65536,0,0,0,65536
175 play ball1=103205,380096,-5243,65536,471859,0 paddle1=0,1114112,-65536,0,786432,0 paddle2=38928,0,-4197,0,589824,0 score1=65536,65536,0,0,0,0 score2=1179648,65536,0,0,0,65536
176 play ball1=102575,387960,-5243,65536,471859,0 paddle1=0,1114112,-65536,0,786432,0 paddle2=38298,0,-4197,0,589824,0 score1=65536,65536,0,0,0,0 score2=1179648,65536,0,0,0,65536
177 play ball1=101945,395824,-5243,65536,471859,0 paddle1=0,1114112,-65536,0,786432,0 paddle2=37668,0,-4197,0,589824,0 score1=65536,65536,0,0,0,0 score2=1179648,65536,0,0,0,65536
178 play ball1=101315,403688,-5243,65536,471859,0 paddle1=0,1114112,-65536,0,786432,0 paddle2=37038,0,-4197,0,589824,0 score1=65536,65536,0,0,0,0 score2=1179648,65536,0,0,0,65536
179 play ball1=100685,411552,-5243,65536,471859,0 paddle1=0,1114112,-65536,0,786432,0 paddle2=36408,0,-4197,0,589824,0 score1=65536,65536,0,0,0,0 score2=1179648,65536,0,0,0,65536
180 play ball1=100055,419416,-5243,65536,471859,0 paddle1=0,1114112,-65536,0,786432,0 paddle2=35778,0,-4197,0,589824,0 score1=65536,65536,0,0,0,0 score2=1179648,65536,0,0,0,65536
181 play ball1=99425,427280,-5243,65536,471859,0 paddle1=0,1114112,-65536,0,786432,0 paddle2=35148,0,-4197,0,589824,0 score1=65536,65536,0,0,0,0 score2=1179648,65536,0,0,0,65536
182 play ball1=98795,435144,-5243,65536,471859,0 paddle1=13107,1114112,65536,0,786432,0 paddle2=34518,0,-4197,0,589824,0 score1=65536,65536,0,0,0,0 score2=1179648,65536,0,0,0,65536
183 play ball1=98165,443008,-5243,65536,471859,0 paddle1=26214,1114112,65536,0,786432,0 paddle2=33888,0,-4197,0,589824,0 score1=65536,65536,0,0,0,0 score2=1179648,65536,0,0,0,65536
184 play ball1=97535,450872,-5243,65536,471859,0 paddle1=39321,1114112,65536,0,786432,0 paddle2=33258,0,-4197,0,589824,0 score1=65536,65536,0,0,0,0 score2=1179648,65536,0,0,0,65536
185 play ball1=96905,458736,-5243,65536,471859,0 paddle1=52428,1114112,65536,0,786432,0 paddle2=32628,0,-4197,0,589824,0 score1=65536,65536,0,0,0,0 score2=1179648,65536,0,0,0,65536
186 play ball1=96275,466600,-5243,65536,471859,0 paddle1=65535,1114112,65536,0,786432,0 paddle2=31998,0,-4197,0,589824,0 score1=65536,65536,0,0,0,0 score2=1179648,65536,0,0,0,65536
187 play ball1=95645,474464,-5243,65536,471859,0 paddle1=78642,1114112,65536,0,786432,0 paddle2=31368,0,-4197,0,589824,0 score1=65536,65536,0,0,0,0 score2=1179648,65536,0,0,0,65536
188 play ball1=95015,482328,-5243,65536,471859,0 paddle1=91749,1114112,65536,0,786432,0 paddle2=30738,0,-4197,0,589824,0 score1=65536,65536,0,0,0,0 score2=1179648,65536,0,0,0,65536
189 play ball1=94385,490192,-5243,65536,471859,0 paddle1=104856,1114112,65536,0,786432,0 paddle2=30108,0,-4197,0,589824,0 score1=65536,65536,0,0,0,0 score2=1179648,65536,0,0,0,65536
190 play ball1=93755,498056,-5243,65536,471859,0 paddle1=117963,1114112,65536,0,786432,0 paddle2=29478,0,-4197,0,589824,0 score1=65536,65536,0,0,0,0 score2=1179648,65536,0,0,0,65536
191 play ball1=93125,505920,-5243,65536,471859,0 paddle1=131070,1114112,65536,0,786432,0 paddle2=28848,0,-4197,0,589824,0 score1=65536,65536,0,0,0,0 score2=1179648,65536,0,0,0,65536
192 play ball1=92495,513784,-5243,65536,471859,0 paddle1=144177,1114112,65536,0,786432,0 paddle2=28218,0,-4197,0,589824,0 score1=65536,65536,0,0,0,0 score2=1179648,65536,0,0,0,65536
193 play ball1=91865,521648,-5243,65536,471859,0 paddle1=157284,1114112,65536,0,786432,0 paddle2=27588,0,-4197,0,589824,0 score1=65536,65536,0,0,0,0 score2=1179648,65536,0,0,0,65536
194 play ball1=91235,529512,-5243,65536,471859,0 paddle1=170391,1114112,65536,0,786432,0 paddle2=26958,0,-4197,0,589824,0 score1=65536,65536,0,0,0,0 score2=1179648,65536,0,0,0,65536
195 play ball1=90605,537376,-5243,65536,471859,0 paddle1=183498,1114112,65536,0,786432,0 paddle2=26328,0,-4197,0,589824,0 score1=65536,65536,0,0,0,0 score2=1179648,65536,0,0,0,65536
196 play ball1=89975,545240,-5243,65536,471859,0 paddle1=196605,1114112,65536,0,786432,0 paddle2=25698,0,-4197,0,589824,0 score1=65536,65536,0,0,0,0 score2=1179648,65536,0,0,0,65536
197 play ball1=89345,553104,-5243,65536,471859,0 paddle1=209712,1114112,65536,0,786432,0 paddle2=25068,0,-4197,0,589824,0 score1=65536,65536,0,0,0,0 score2=1179648,65536,0,0,0,65536
198 play ball1=88715,560968,-5243,65536,471859,0 paddle1=222819,1114112,65536,0,786432,0 paddle2=24438,0,-4197,0,589824,0 score1=65536,65536,0,0,0,0 score2=1179648,65536,0,0,0,65536
199 play ball1=88085,568832,-5243,65536,471859,0 paddle1=235926,1114112,65536,0,786432,0 paddle2=23808,0,-4197,0,589824,0 score1=65536,65536,0,0,0,0 score2=1179648,65536,0,0,0,65536
200 play ball1=87455,576696,-5243,65536,471859,0 paddle1=249033,1114112,65536,0,786432,0 paddle2=23178,0,-4197,0,589824,0 score1=65536,65536,0,0,0,0 score2=1179648,65536,0,0,0,65536
201 play ball1=86825,584560,-5243,65536,471859,0 paddle1=262140,1114112,65536,0,786432,0 paddle2=22548,0,-4197,0,589824,0 score1=65536,65536,0,0,0,0 score2=1179648,65536,0,0,0,65536
202 play ball1=86195,592424,-5243,65536,471859,0 paddle1=275247,1114112,65536,0,786432,0 paddle2=21918,0,-4197,0,589824,0 score1=65536,65536,0,0,0,0 score2=1179648,65536,0,0,0,65536
203 play ball1=85565,600288,-5243,65536,471859,0 paddle1=288354,1114112,65536,0,786432,0 paddle2=21288,0,-4197,0,589824,0 score1=65536,65536,0,0,0,0 score2=1179648,65536,0,0,0,65536
204 play ball1=84935,608152,-5243,65536,471859,0 paddle1=301461,1114112,65536,0,786432,0 paddle2=20658,0,-4197,0,589824,0 score1=65536,65536,0,0,0,0 score2=1179648,65536,0,0,0,65536
205 play ball1=84305,616016,-5243,65536,471859,0 paddle1=314568,1114112,65536,0,786432,0 paddle2=20028,0,-4197,0,589824,0 score1=65536,65536,0,0,0,0 score2=1179648,65536,0,0,0,65536
206 play ball1=83675,623880,-5243,65536,471859,0 paddle1=327675,1114112,65536,0,786432,0 paddle2=19398,0,-4197,0,589824,0 score1=65536,65536,0,0,0,0 score2=1179648,65536,0,0,0,65536
207 play ball1=83045,631744,-5243,65536,471859,0 paddle1=340782,1114112,65536,0,786432,0 paddle2=18768,0,-4197,0,589824,0 score1=65536,65536,0,0,0,0 score2=1179648,65536,0,0,0,65536
208 play ball1=82415,639608,-5243,65536,471859,0 paddle1=353889,1114112,65536,0,786432,0 paddle2=18138,0,-4197,0,589824,0 score1=65536,65536,0,0,0,0 score2=1179648,65536,0,0,0,65536
209 play ball1=81785,647472,-5243,65536,471859,0 paddle1=366996,1114112,65536,0,786432,0 paddle2=17508,0,-4197,0,589824,0 score1=65536,65536,0,0,0,0 score2=1179648,65536,0,0,0,65536
210 play ball1=81155,655336,-5243,65536,471859,0 paddle1=380103,1114112,65536,0,786432,0 paddle2=16878,0,-4197,0,589824,0 score1=65536,65536,0,0,0,0 score2=1179648,65536,0,0,0,65536
211 play ball1=80525,663200,-5243,65536,471859,0 paddle1=393210,1114112,65536,0,786432,0 paddle2=16248,0,-4197,0,589824,0 score1=65536,65536,0,0,0,0 score2=1179648,65536,0,0,0,65536
212 play ball1=79895,671064,-5243,65536,471859,0 paddle1=406317,1114112,65536,0,786432,0 paddle2=15618,0,-4197,0,589824,0 score1=65536,65536,0,0,0,0 score2=1179648,65536,0,0,0,65536
213 play ball1=79265,678928,-5243,65536,471859,0 paddle1=419424,1114112,65536,0,786432,0 paddle2=14988,0,-4197,0,589824,0 score1=65536,65536,0,0,0,0 score2=1179648,65536,0,0,0,65536
214 play ball1=78635,686792,-5243,65536,471859,0 paddle1=432531,1114112,65536,0,786432,0 paddle2=14358,0,-4197,0,589824,0 score1=65536,65536,0,0,0,0 score2=1179648,65536,0,0,0,65536
215 play ball1=78005,694656,-5243,65536,471859,0 paddle1=445638,1114112,65536,0,786432,0 paddle2=13728,0,-4197,0,589824,0 score1=65536,65536,0,0,0,0 score2=1179648,65536,0,0,0,65536
216 play ball1=77375,702520,-5243,65536,471859,0 paddle1=458745,1114112,65536,0,786432,0 paddle2=13098,0,-4197,0,589824,0 score1=65536,65536,0,0,0,0 score2=1179648,65536,0,0,0,65536
217 play ball1=76745,710384,-5243,65536,471859,0 paddle1=471852,1114112,65536,0,786432,0 paddle2=12468,0,-4197,0,589824,0 score1=65536,65536,0,0,0,0 score2=1179648,65536,0,0,0,65536
218 play ball1=76115,718248,-5243,65536,471859,0 paddle1=484959,1114112,65536,0,786432,0 paddle2=11838,0,-4197,0,589824,0 score1=65536,65536,0,0,0,0 score2=1179648,65536,0,0,0,65536
219 play ball1=75485,726112,-5243,65536,471859,0 paddle1=498066,1114112,65536,0,786432,0 paddle2=11208,0,-4197,0,589824,0 score1=65536,65536,0,0,0,0 score2=1179648,65536,0,0,0,65536
220 play ball1=74855,733976,-5243,65536,471859,0 paddle1=511173,1114112,65536,0,786432,0 paddle2=10578,0,-4197,0,589824,0 score1=65536,65536,0,0,0,0 score2=1179648,65536,0,0,0,65536
221 play ball1=74225,741840,-5243,65536,471859,0 paddle1=524280,1114112,65536,0,786432,0 paddle2=9948,0,-4197,0,589824,0 score1=65536,65536,0,0,0,0 score2=1179648,65536,0,0,0,65536
222 play ball1=73595,749704,-5243,65536,471859,0 paddle1=537387,1114112,65536,0,786432,0 paddle2=9318,0,-4197,0,589824,0 score1=65536,65536,0,0,0,0 score2=1179648,65536,0,0,0,65536
223 play ball1=72965,757568,-5243,65536,471859,0 paddle1=550494,1114112,65536,0,786432,0 paddle2=8688,0,-4197,0,589824,0 score1=65536,65536,0,0,0,0 score2=1179648,65536,0,0,0,65536
224 play ball1=72335,765432,-5243,65536,471859,0 paddle1=563601,1114112,65536,0,786432,0 paddle2=8058,0,-4197,0,589824,0 score1=65536,65536,0,0,0,0 score2=1179648,65536,0,0,0,65536
225 play ball1=71705,773296,-5243,65536,471859,0 paddle1=576708,1114112,65536,0,786432,0 paddle2=7428,0,-4197,0,589824,0 score1=65536,65536,0,0,0,0 score2=1179648,65536,0,0,0,65536
226 play ball1=71075,781160,-5243,65536,471859,0 paddle1=589815,1114112,65536,0,786432,0 paddle2=6798,0,-4197,0,589824,0 score1=65536,65536,0,0,0,0 score2=1179648,65536,0,0,0,65536
227 play ball1=70445,789024,-5243,65536,471859,0 paddle1=602922,1114112,65536,0,786432,0 paddle2=6168,0,-4197,0,589824,0 score1=65536,65536,0,0,0,0 score2=1179648,65536,0,0,0,65536
228 play ball1=69815,796888,-5243,65536,471859,0 paddle1=616029,1114112,65536,0,786432,0 paddle2=5538,0,-4197,0,589824,0 score1=65536,65536,0,0,0,0 score2=1179648,65536,0,0,0,65536
229 play ball1=69185,804752,-5243,65536,471859,0 paddle1=629136,1114112,65536,0,786432,0 paddle2=4908,0,-4197,0,589824,0 score1=65536,65536,0,0,0,0 score2=1179648,65536,0,0,0,65536
230 play ball1=68555,812616,-5243,65536,471859,0 paddle1=642243,1114112,65536,0,786432,0 paddle2=4278,0,-4197,0,589824,0 score1=65536,65536,0,0,0,0 score2=1179648,65536,0,0,0,65536
231 play ball1=67925,820480,-5243,65536,471859,0 paddle1=655350,1114112,65536,0,786432,0 paddle2=3648,0,-4197,0,589824,0 score1=65536,65536,0,0,0,0 score2=1179648,65536,0,0,0,65536
232 play ball1=67295,828344,-5243,65536,471859,0 paddle1=668457,1114112,65536,0,786432,0 paddle2=3018,0,-4197,0,589824,0 score1=65536,65536,0,0,0,0 score2=1179648,65536,0,0,0,65536
233 play ball1=66665,836208,-5243,65536,471859,0 paddle1=681564,1114112,65536,0,786432,0 paddle2=2388,0,-4197,0,589824,0 score1=65536,65536,0,0,0,0 score2=1179648,65536,0,0,0,65536
234 play ball1=66035,844072,-5243,65536,471859,0 paddle1=694671,1114112,65536,0,786432,0 paddle2=1758,0,-4197,0,589824,0 score1=65536,65536,0,0,0,0 score2=1179648,65536,0,0,0,65536
235 play ball1=65405,851936,-5243,65536,471859,0 paddle1=707778,1114112,65536,0,786432,0 paddle2=1128,0,-4197,0,589824,0 score1=65536,65536,0,0,0,0 score2=1179648,65536,0,0,0,65536
236 play ball1=64775,859800,-5243,65536,471859,0 paddle1=720885,1114112,65536,0,786432,0 paddle2=498,0,-4197,0,589824,0 score1=65536,65536,0,0,0,0 score2=1179648,65536,0,0,0,65536
237 play ball1=64145,867664,-5243,65536,471859,0 paddle1=733992,1114112,65536,0,786432,0 paddle2=0,0,0,0,589824,0 score1=65536,65536,0,0,0,0 score2=1179648,65536,0,0,0,65536
238 play ball1=63515,875528,-5243,65536,471859,0 paddle1=747099,1114112,65536,0,786432,0 paddle2=0,0,-4637,0,589824,0 score1=65536,65536,0,0,0,0 score2=1179648,65536,0,0,0,65536
239 play ball1=62885,883392,-5243,65536,471859,0 paddle1=760206,1114112,65536,0,786432,0 paddle2=0,0,-6737,0,589824,0 score1=65536,65536,0,0,0,0 score2=1179648,65536,0,0,0,65536
240 play ball1=62255,891256,-5243,65536,471859,0 paddle1=773313,1114112,65536,0,786432,0 paddle2=0,0,-8838,0,589824,0 score1=65536,65536,0,0,0,0 score2=1179648,65536,0,0,0,65536
241 play ball1=61625,899120,-5243,65536,471859,0 paddle1=786420,1114112,65536,0,786432,0 paddle2=0,0,-10938,0,589824,0 score1=65536,65536,0,0,0,0 score2=1179648,65536,0,0,0,65536
242 play ball1=60995,906984,-5243,65536,471859,0 paddle1=799527,1114112,65536,0,786432,0 paddle2=0,0,-13038,0,589824,0 score1=65536,65536,0,0,0,0 score2=1179648,65536,0,0,0,65536
243 play ball1=60365,914848,-5243,65536,471859,0 paddle1=812634,1114112,65536,0,786432,0 paddle2=0,0,-15138,0,589824,0 score1=65536,65536,0,0,0,0 score2=1179648,65536,0,0,0,65536
244 play ball1=59735,922712,-5243,65536,471859,0 paddle1=825741,1114112,65536,0,786432,0 paddle2=0,0,-17238,0,589824,0 score1=65536,65536,0,0,0,0 score2=1179648,65536,0,0,0,65536
245 play ball1=59105,930576,-5243,65536,471859,0 paddle1=838848,1114112,65536,0,786432,0 paddle2=0,0,-19338,0,589824,0 score1=65536,65536,0,0,0,0 score2=1179648,65536,0,0,0,65536
246 play ball1=58475,938440,-5243,65536,471859,0 paddle1=851955,1114112,65536,0,786432,0 paddle2=0,0,-21438,0,589824,0 score1=65536,65536,0,0,0,0 score2=1179648,65536,0,0,0,65536
247 play ball1=57845,946304,-5243,65536,471859,0 paddle1=865062,1114112,65536,0,786432,0 paddle2=0,0,-23538,0,589824,0 score1=65536,65536,0,0,0,0 score2=1179648,65536,0,0,0,65536
248 play ball1=57215,954168,-5243,65536,471859,0 paddle1=878169,1114112,65536,0,786432,0 paddle2=0,0,-25638,0,589824,0 score1=65536,65536,0,0,0,0 score2=1179648,65536,0,0,0,65536
249 play ball1=56585,962032,-5243,65536,471859,0 paddle1=891276,1114112,65536,0,786432,0 paddle2=0,0,-27738,0,589824,0 score1=65536,65536,0,0,0,0 score2=1179648,65536,0,0,0,65536
250 play ball1=55955,969896,-5243,65536,471859,0 paddle1=904383,1114112,65536,0,786432,0 paddle2=0,0,-29838,0,589824,0 score1=65536,65536,0,0,0,0 score2=1179648,65536,0,0,0,65536
251 play ball1=55325,977760,-5243,65536,471859,0 paddle1=917490,1114112,65536,0,786432,0 paddle2=0,0,-31938,0,589824,0 score1=65536,65536,0,0,0,0 score2=1179648,65536,0,0,0,65536
252 play ball1=54695,985624,-5243,65536,471859,0 paddle1=930597,1114112,65536,0,786432,0 paddle2=0,0,-34039,0,589824,0 score1=65536,65536,0,0,0,0 score2=1179648,65536,0,0,0,65536
253 play ball1=54065,993488,-5243,65536,471859,0 paddle1=943704,1114112,65536,0,786432,0 paddle2=0,0,-36139,0,589824,0 score1=65536,65536,0,0,0,0 score2=1179648,65536,0,0,0,65536
254 play ball1=53435,1001352,-5243,65536,471859,0 paddle1=956811,1114112,65536,0,786432,0 paddle2=0,0,-38239,0,589824,0 score1=65536,65536,0,0,0,0 score2=1179648,65536,0,0,0,65536
255 play ball1=52805,1009216,-5243,65536,471859,0 paddle1=969918,1114112,65536,0,786432,0 paddle2=0,0,-40339,0,589824,0 score1=65536,65536,0,0,0,0 score2=1179648,65536,0,0,0,65536
256 play ball1=52175,1017080,-5243,65536,471859,0 paddle1=983025,1114112,65536,0,786432,0 paddle2=0,0,-42439,0,589824,0 score1=65536,65536,0,0,0,0 score2=1179648,65536,0,0,0,65536
257 play ball1=51545,1024944,-5243,65536,471859,0 paddle1=996132,1114112,65536,0,786432,0 paddle2=0,0,-44539,0,589824,0 score1=65536,65536,0,0,0,0 score2=1179648,65536,0,0,0,65536
258 play ball1=50915,1032808,-5243,65536,471859,0 paddle1=1009239,1114112,65536,0,786432,0 paddle2=0,0,-46639,0,589824,0 score1=65536,65536,0,0,0,0 score2=1179648,65536,0,0,0,65536
259 play ball1=50285,1040672,-5243,65536,471859,0 paddle1=1022346,1114112,65536,0,786432,0 paddle2=0,0,-48739,0,589824,0 score1=65536,65536,0,0,0,0 score2=1179648,65536,0,0,0,65536
260 play ball1=49655,1048536,-5243,65536,471859,0 paddle1=1035453,1114112,65536,0,786432,0 paddle2=0,0,-50839,0,589824,0 score1=65536,65536,0,0,0,0 score2=1179648,65536,0,0,0,65536
261 play ball1=49025,1056400,-5243,65536,471859,0 paddle1=1048560,1114112,65536,0,786432,0 paddle2=0,0,-52939,0,589824,0 score1=65536,65536,0,0,0,0 score2=1179648,65536,0,0,0,65536
262 play ball1=48395,1064264,-5243,65536,471859,0 paddle1=1061667,1114112,65536,0,786432,0 paddle2=0,0,-55039,0,589824,0 score1=65536,65536,0,0,0,0 score2=1179648,65536,0,0,0,65536
263 play ball1=47765,1072128,-5243,65536,471859,0 paddle1=1074774,1114112,65536,0,786432,0 paddle2=0,0,-57139,0,589824,0 score1=65536,65536,0,0,0,0 score2=1179648,65536,0,0,0,65536
264 play ball1=47135,1079992,-5243,65536,471859,0 paddle1=1087881,1114112,65536,0,786432,0 paddle2=0,0,-59240,0,589824,0 score1=65536,65536,0,0,0,0 score2=1179648,65536,0,0,0,65536
265 play ball1=46505,1087856,-5243,65536,471859,0 paddle1=1100988,1114112,65536,0,786432,0 paddle2=0,0,-61340,0,589824,0 score1=65536,65536,0,0,0,0 score2=1179648,65536,0,0,0,65536
266 play ball1=45875,1095720,-5243,65536,471859,0 paddle1=1114095,1114112,65536,0,786432,0 paddle2=0,0,-63440,0,589824,0 score1=65536,65536,0,0,0,0 score2=1179648,65536,0,0,0,65536
267 play ball1=45245,1103584,-5243,65536,471859,0 paddle1=1114112,1114112,0,0,786432,0 paddle2=0,0,-65536,0,589824,0 score1=65536,65536,0,0,0,0 score2=1179648,65536,0,0,0,65536
268 play ball1=44615,1111448,-5243,65536,471859,0 paddle1=1114112,1114112,65536,0,786432,0 paddle2=0,0,-65536,0,589824,0 score1=65536,65536,0,0,0,0 score2=1179648,65536,0,0,0,65536
269 play ball1=655360,589824,-5243,-65536,471859,0 paddle1=1114112,1114112,65536,0,786432,0 paddle2=0,0,-65536,0,589824,0 score1=65536,65536,0,0,0,0 score2=1179648,65536,0,0,0,131072
270 play ball1=654730,581959,-5243,-65536,471859,0 paddle1=1114112,1114112,65536,0,786432,0 paddle2=9830,0,65536,0,589824,0 score1=65536,65536,0,0,0,0 score2=1179648,65536,0,0,0,131072
271 play ball1=654100,574094,-5243,-65536,471859,0 paddle1=1114112,1114112,65536,0,786432,0 paddle2=19660,0,65536,0,589824,0 score1=65536,65536,0,0,0,0 score2=1179648,65536,0,0,0,131072
272 play ball1=653470,566229,-5243,-65536,471859,0 paddle1=1114112,1114112,65536,0,786432,0 paddle2=29490,0,65536,0,589824,0 score1=65536,65536,0,0,0,0 score2=1179648,65536,0,0,0,131072
273 play ball1=652840,558364,-5243,-65536,471859,0 paddle1=1114112,1114112,65536,0,786432,0 paddle2=39320,0,65536,0,589824,0 score1=65536,65536,0,0,0,0 score2=1179648,65536,0,0,0,131072
274 play ball1=652210,550499,-5243,-65536,471859,0 paddle1=1114112,1114112,65536,0,786432,0 paddle2=49150,0,65536,0,589824,0 score1=65536,65536,0,0,0,0 score2=1179648,65536,0,0,0,131072
275 play ball1=651580,542634,-5243,-65536,471859,0 paddle1=1114112,1114112,65536,0,786432,0 paddle2=58980,0,65536,0,589824,0 score1=65536,65536,0,0,0,0 score2=1179648,65536,0,0,0,131072
276 play ball1=650950,534769,-5243,-65536,471859,0 paddle1=1114112,1114112,65536,0,786432,0 paddle2=68810,0,65536,0,589824,0 score1=65536,65536,0,0,0,0 score2=1179648,65536,0,0,0,131072
277 play ball1=650320,526904,-5243,-65536,471859,0 paddle1=1114112,1114112,65536,0,786432,0 paddle2=78640,0,65536,0,589824,0 score1=65536,65536,0,0,0,0 score2=1179648,65536,0,0,0,131072
278 play ball1=649690,519039,-5243,-65536,471859,0 paddle1=1114112,1114112,65536,0,786432,0 paddle2=88470,0,65536,0,589824,0 score1=65536,65536,0,0,0,0 score2=1179648,65536,0,0,0,131072
279 play ball1=649060,511174,-5243,-65536,471859,0 paddle1=1114112,1114112,65536,0,786432,0 paddle2=98300,0,65536,0,589824,0 score1=65536,65536,0,0,0,0 score2=1179648,65536,0,0,0,131072
280 play ball1=648430,503309,-5243,-65536,471859,0 paddle1=1114112,1114112,65536,0,786432,0 paddle2=108130,0,65536,0,589824,0 score1=65536,65536,0,0,0,0 score2=1179648,65536,0,0,0,131072
281 play ball1=647800,495444,-5243,-65536,471859,0 paddle1=1114112,1114112,65536,0,786432,0 paddle2=117960,0,65536,0,589824,0 score1=65536,65536,0,0,0,0 score2=1179648,65536,0,0,0,131072
282 play ball1=647170,487579,-5243,-65536,471859,0 paddle1=1114112,1114112,65536,0,786432,0 paddle2=127790,0,65536,0,589824,0 score1=65536,65536,0,0,0,0 score2=1179648,65536,0,0,0,131072
283 play ball1=646540,479714,-5243,-65536,471859,0 paddle1=1114112,1114112,65536,0,786432,0 paddle2=137620,0,65536,0,589824,0 score1=65536,65536,0,0,0,0 score2=1179648,65536,0,0,0,131072
284 play ball1=645910,471849,-5243,-65536,471859,0 paddle1=1114112,1114112,65536,0,786432,0 paddle2=147450,0,65536,0,589824,0 score1=65536,65536,0,0,0,0 score2=1179648,65536,0,0,0,131072
285 play ball1=645280,463984,-5243,-65536,471859,0 paddle1=1114112,1114112,65536,0,786432,0 paddle2=157280,0,65536,0,589824,0 score1=65536,65536,0,0,0,0 score2=1179648,65536,0,0,0,131072
286 play ball1=644650,456119,-5243,-65536,471859,0 paddle1=1114112,1114112,65536,0,786432,0 paddle2=167110,0,65536,0,589824,0 score1=65536,65536,0,0,0,0 score2=1179648,65536,0,0,0,131072
287 play ball1=644020,448254,-5243,-65536,471859,0 paddle1=1114112,1114112,65536,0,786432,0 paddle2=176940,0,65536,0,589824,0 score1=65536,65536,0,0,0,0 score2=1179648,65536,0,0,0,131072
288 play ball1=643390,440389,-5243,-65536,471859,0 paddle1=1114112,1114112,65536,0,786432,0 paddle2=186770,0,65536,0,589824,0 score1=65536,65536,0,0,0,0 score2=1179648,65536,0,0,0,131072
289 play ball1=642760,432524,-5243,-65536,471859,0 paddle1=1114112,1114112,65536,0,786432,0 paddle2=196600,0,65536,0,589824,0 score1=65536,65536,0,0,0,0 score2=1179648,65536,0,0,0,131072
290 play ball1=642130,424659,-5243,-65536,471859,0 paddle1=1114112,1114112,65536,0,786432,0 paddle2=206430,0,65536,0,589824,0 score1=65536,65536,0,0,0,0 score2=1179648,65536,0,0,0,131072
291 play ball1=641500,416794,-5243,-65536,471859,0 paddle1=1114112,1114112,65536,0,786432,0 paddle2=216260,0,65536,0,589824,0 score1=65536,65536,0,0,0,0 score2=1179648,65536,0,0,0,131072
292 play ball1=640870,408929,-5243,-65536,471859,0 paddle1=1114112,1114112,65536,0,786432,0 paddle2=226090,0,65536,0,589824,0 score1=65536,65536,0,0,0,0 score2=1179648,65536,0,0,0,131072
293 play ball1=640240,401064,-5243,-65536,471859,0 paddle1=1114112,1114112,65536,0,786432,0 paddle2=235920,0,65536,0,589824,0 score1=65536,65536,0,0,0,0 score2=1179648,65536,0,0,0,131072
294 play ball1=639610,393199,-5243,-65536,471859,0 paddle1=1114112,1114112,65536,0,786432,0 paddle2=245750,0,65536,0,589824,0 score1=65536,65536,0,0,0,0 score2=1179648,65536,0,0,0,131072
295 play ball1=638980,385334,-5243,-65536,471859,0 paddle1=1114112,1114112,65536,0,786432,0 paddle2=255580,0,65536,0,589824,0 score1=65536,65536,0,0,0,0 score2=1179648,65536,0,0,0,131072
296 play ball1=638350,377469,-5243,-65536,471859,0 paddle1=1114112,1114112,65536,0,786432,0 paddle2=265410,0,65536,0,589824,0 score1=65536,65536,0,0,0,0 score2=1179648,65536,0,0,0,131072
297 play ball1=637720,369604,-5243,-65536,471859,0 paddle1=1114112,1114112,65536,0,786432,0 paddle2=275240,0,65536,0,589824,0 score1=65536,65536,0,0,0,0 score2=1179648,65536,0,0,0,131072
298 play ball1=637090,361739,-5243,-65536,471859,0 paddle1=1114112,1114112,65536,0,786432,0 paddle2=285070,0,65536,0,589824,0 score1=65536,65536,0,0,0,0 score2=1179648,65536,0,0,0,131072
299 play ball1=636460,353874,-5243,-65536,471859,0 paddle1=1114112,1114112,65536,0,786432,0 paddle2=294900,0,65536,0,589824,0 score1=65536,65536,0,0,0,0 score2=1179648,65536,0,0,0,131072
300 play ball1=635830,346009,-5243,-65536,471859,0 paddle1=1114112,1114112,65536,0,786432,0 paddle2=304730,0,65536,0,589824,0 score1=65536,65536,0,0,0,0 score2=1179648,65536,0,0,0,131072
301 play ball1=635200,338144,-5243,-65536,471859,0 paddle1=1114112,1114112,65536,0,786432,0 paddle2=314560,0,65536,0,589824,0 score1=65536,65536,0,0,0,0 score2=1179648,65536,0,0,0,131072
