# demake-game trace v1 console=gb
# props=x,y,xdirection,ydirection,speed,value units=16.16
# audio=track,effect
1 play ball1=655360,589824,-65536,65536,648806,0 paddle1=655360,1114112,0,0,786432,0 paddle2=655360,0,0,0,419430,0 aim=0,0,0,0,0,0 you=65536,65536,0,0,0,0 score1=393216,65536,0,0,0,0 cpu=851968,65536,0,0,0,0 score2=1179648,65536,0,0,0,0 audio=0,-1
2 play ball1=644546,600637,-65536,65536,648806,0 paddle1=655360,1114112,0,0,786432,0 paddle2=648369,0,-65536,0,419430,0 aim=0,0,0,0,0,0 you=65536,65536,0,0,0,0 score1=393216,65536,0,0,0,0 cpu=851968,65536,0,0,0,0 score2=1179648,65536,0,0,0,0 audio=0,-1
3 play ball1=633732,611450,-65536,65536,648806,0 paddle1=655360,1114112,0,0,786432,0 paddle2=641378,0,-65536,0,419430,0 aim=0,0,0,0,0,0 you=65536,65536,0,0,0,0 score1=393216,65536,0,0,0,0 cpu=851968,65536,0,0,0,0 score2=1179648,65536,0,0,0,0 audio=0,-1
4 play ball1=622918,622263,-65536,65536,648806,0 paddle1=655360,1114112,0,0,786432,0 paddle2=634387,0,-65536,0,419430,0 aim=0,0,0,0,0,0 you=65536,65536,0,0,0,0 score1=393216,65536,0,0,0,0 cpu=851968,65536,0,0,0,0 score2=1179648,65536,0,0,0,0 audio=0,-1
5 play ball1=612104,633076,-65536,65536,648806,0 paddle1=655360,1114112,0,0,786432,0 paddle2=627396,0,-65536,0,419430,0 aim=0,0,0,0,0,0 you=65536,65536,0,0,0,0 score1=393216,65536,0,0,0,0 cpu=851968,65536,0,0,0,0 score2=1179648,65536,0,0,0,0 audio=0,-1
6 play ball1=601290,643889,-65536,65536,648806,0 paddle1=655360,1114112,0,0,786432,0 paddle2=620405,0,-65536,0,419430,0 aim=0,0,0,0,0,0 you=65536,65536,0,0,0,0 score1=393216,65536,0,0,0,0 cpu=851968,65536,0,0,0,0 score2=1179648,65536,0,0,0,0 audio=0,-1
7 play ball1=590476,654702,-65536,65536,648806,0 paddle1=655360,1114112,0,0,786432,0 paddle2=613414,0,-65536,0,419430,0 aim=0,0,0,0,0,0 you=65536,65536,0,0,0,0 score1=393216,65536,0,0,0,0 cpu=851968,65536,0,0,0,0 score2=1179648,65536,0,0,0,0 audio=0,-1
8 play ball1=579662,665515,-65536,65536,648806,0 paddle1=655360,1114112,0,0,786432,0 paddle2=606423,0,-65536,0,419430,0 aim=0,0,0,0,0,0 you=65536,65536,0,0,0,0 score1=393216,65536,0,0,0,0 cpu=851968,65536,0,0,0,0 score2=1179648,65536,0,0,0,0 audio=0,-1
9 play ball1=568848,676328,-65536,65536,648806,0 paddle1=655360,1114112,0,0,786432,0 paddle2=599432,0,-65536,0,419430,0 aim=0,0,0,0,0,0 you=65536,65536,0,0,0,0 score1=393216,65536,0,0,0,0 cpu=851968,65536,0,0,0,0 score2=1179648,65536,0,0,0,0 audio=0,-1
10 play ball1=558034,687141,-65536,65536,648806,0 paddle1=655360,1114112,0,0,786432,0 paddle2=592441,0,-65536,0,419430,0 aim=0,0,0,0,0,0 you=65536,65536,0,0,0,0 score1=393216,65536,0,0,0,0 cpu=851968,65536,0,0,0,0 score2=1179648,65536,0,0,0,0 audio=0,-1
11 play ball1=547220,697954,-65536,65536,648806,0 paddle1=655360,1114112,0,0,786432,0 paddle2=585450,0,-65536,0,419430,0 aim=0,0,0,0,0,0 you=65536,65536,0,0,0,0 score1=393216,65536,0,0,0,0 cpu=851968,65536,0,0,0,0 score2=1179648,65536,0,0,0,0 audio=0,-1
12 play ball1=536406,708767,-65536,65536,648806,0 paddle1=655360,1114112,0,0,786432,0 paddle2=578459,0,-65536,0,419430,0 aim=0,0,0,0,0,0 you=65536,65536,0,0,0,0 score1=393216,65536,0,0,0,0 cpu=851968,65536,0,0,0,0 score2=1179648,65536,0,0,0,0 audio=0,-1
13 play ball1=525592,719580,-65536,65536,648806,0 paddle1=655360,1114112,0,0,786432,0 paddle2=571468,0,-65536,0,419430,0 aim=0,0,0,0,0,0 you=65536,65536,0,0,0,0 score1=393216,65536,0,0,0,0 cpu=851968,65536,0,0,0,0 score2=1179648,65536,0,0,0,0 audio=0,-1
14 play ball1=514778,730393,-65536,65536,648806,0 paddle1=655360,1114112,0,0,786432,0 paddle2=564477,0,-65536,0,419430,0 aim=0,0,0,0,0,0 you=65536,65536,0,0,0,0 score1=393216,65536,0,0,0,0 cpu=851968,65536,0,0,0,0 score2=1179648,65536,0,0,0,0 audio=0,-1
15 play ball1=503964,741206,-65536,65536,648806,0 paddle1=655360,1114112,0,0,786432,0 paddle2=557486,0,-65536,0,419430,0 aim=0,0,0,0,0,0 you=65536,65536,0,0,0,0 score1=393216,65536,0,0,0,0 cpu=851968,65536,0,0,0,0 score2=1179648,65536,0,0,0,0 audio=0,-1
16 play ball1=493150,752019,-65536,65536,648806,0 paddle1=655360,1114112,0,0,786432,0 paddle2=550495,0,-65536,0,419430,0 aim=0,0,0,0,0,0 you=65536,65536,0,0,0,0 score1=393216,65536,0,0,0,0 cpu=851968,65536,0,0,0,0 score2=1179648,65536,0,0,0,0 audio=0,-1
17 play ball1=482336,762832,-65536,65536,648806,0 paddle1=655360,1114112,0,0,786432,0 paddle2=543504,0,-65536,0,419430,0 aim=0,0,0,0,0,0 you=65536,65536,0,0,0,0 score1=393216,65536,0,0,0,0 cpu=851968,65536,0,0,0,0 score2=1179648,65536,0,0,0,0 audio=0,-1
18 play ball1=471522,773645,-65536,65536,648806,0 paddle1=655360,1114112,0,0,786432,0 paddle2=536513,0,-65536,0,419430,0 aim=0,0,0,0,0,0 you=65536,65536,0,0,0,0 score1=393216,65536,0,0,0,0 cpu=851968,65536,0,0,0,0 score2=1179648,65536,0,0,0,0 audio=0,-1
19 play ball1=460708,784458,-65536,65536,648806,0 paddle1=655360,1114112,0,0,786432,0 paddle2=529522,0,-65536,0,419430,0 aim=0,0,0,0,0,0 you=65536,65536,0,0,0,0 score1=393216,65536,0,0,0,0 cpu=851968,65536,0,0,0,0 score2=1179648,65536,0,0,0,0 audio=0,-1
20 play ball1=449894,795271,-65536,65536,648806,0 paddle1=655360,1114112,0,0,786432,0 paddle2=522531,0,-65536,0,419430,0 aim=0,0,0,0,0,0 you=65536,65536,0,0,0,0 score1=393216,65536,0,0,0,0 cpu=851968,65536,0,0,0,0 score2=1179648,65536,0,0,0,0 audio=0,-1
21 play ball1=439080,806084,-65536,65536,648806,0 paddle1=655360,1114112,0,0,786432,0 paddle2=515540,0,-65536,0,419430,0 aim=0,0,0,0,0,0 you=65536,65536,0,0,0,0 score1=393216,65536,0,0,0,0 cpu=851968,65536,0,0,0,0 score2=1179648,65536,0,0,0,0 audio=0,-1
22 play ball1=428266,816897,-65536,65536,648806,0 paddle1=655360,1114112,0,0,786432,0 paddle2=508549,0,-65536,0,419430,0 aim=0,0,0,0,0,0 you=65536,65536,0,0,0,0 score1=393216,65536,0,0,0,0 cpu=851968,65536,0,0,0,0 score2=1179648,65536,0,0,0,0 audio=0,-1
23 play ball1=417452,827710,-65536,65536,648806,0 paddle1=655360,1114112,0,0,786432,0 paddle2=501558,0,-65536,0,419430,0 aim=0,0,0,0,0,0 you=65536,65536,0,0,0,0 score1=393216,65536,0,0,0,0 cpu=851968,65536,0,0,0,0 score2=1179648,65536,0,0,0,0 audio=0,-1
24 play ball1=406638,838523,-65536,65536,648806,0 paddle1=655360,1114112,0,0,786432,0 paddle2=494567,0,-65536,0,419430,0 aim=0,0,0,0,0,0 you=65536,65536,0,0,0,0 score1=393216,65536,0,0,0,0 cpu=851968,65536,0,0,0,0 score2=1179648,65536,0,0,0,0 audio=0,-1
25 play ball1=395824,849336,-65536,65536,648806,0 paddle1=655360,1114112,0,0,786432,0 paddle2=487576,0,-65536,0,419430,0 aim=0,0,0,0,0,0 you=65536,65536,0,0,0,0 score1=393216,65536,0,0,0,0 cpu=851968,65536,0,0,0,0 score2=1179648,65536,0,0,0,0 audio=0,-1
26 play ball1=385010,860149,-65536,65536,648806,0 paddle1=655360,1114112,0,0,786432,0 paddle2=480585,0,-65536,0,419430,0 aim=0,0,0,0,0,0 you=65536,65536,0,0,0,0 score1=393216,65536,0,0,0,0 cpu=851968,65536,0,0,0,0 score2=1179648,65536,0,0,0,0 audio=0,-1
27 play ball1=374196,870962,-65536,65536,648806,0 paddle1=655360,1114112,0,0,786432,0 paddle2=473594,0,-65536,0,419430,0 aim=0,0,0,0,0,0 you=65536,65536,0,0,0,0 score1=393216,65536,0,0,0,0 cpu=851968,65536,0,0,0,0 score2=1179648,65536,0,0,0,0 audio=0,-1
28 play ball1=363382,881775,-65536,65536,648806,0 paddle1=655360,1114112,0,0,786432,0 paddle2=466603,0,-65536,0,419430,0 aim=0,0,0,0,0,0 you=65536,65536,0,0,0,0 score1=393216,65536,0,0,0,0 cpu=851968,65536,0,0,0,0 score2=1179648,65536,0,0,0,0 audio=0,-1
29 play ball1=352568,892588,-65536,65536,648806,0 paddle1=655360,1114112,0,0,786432,0 paddle2=459612,0,-65536,0,419430,0 aim=0,0,0,0,0,0 you=65536,65536,0,0,0,0 score1=393216,65536,0,0,0,0 cpu=851968,65536,0,0,0,0 score2=1179648,65536,0,0,0,0 audio=0,-1
30 play ball1=341754,903401,-65536,65536,648806,0 paddle1=655360,1114112,0,0,786432,0 paddle2=452621,0,-65536,0,419430,0 aim=0,0,0,0,0,0 you=65536,65536,0,0,0,0 score1=393216,65536,0,0,0,0 cpu=851968,65536,0,0,0,0 score2=1179648,65536,0,0,0,0 audio=0,-1
31 play ball1=330940,914214,-65536,65536,648806,0 paddle1=655360,1114112,0,0,786432,0 paddle2=445630,0,-65536,0,419430,0 aim=0,0,0,0,0,0 you=65536,65536,0,0,0,0 score1=393216,65536,0,0,0,0 cpu=851968,65536,0,0,0,0 score2=1179648,65536,0,0,0,0 audio=0,-1
32 play ball1=320126,925027,-65536,65536,648806,0 paddle1=655360,1114112,0,0,786432,0 paddle2=438639,0,-65536,0,419430,0 aim=0,0,0,0,0,0 you=65536,65536,0,0,0,0 score1=393216,65536,0,0,0,0 cpu=851968,65536,0,0,0,0 score2=1179648,65536,0,0,0,0 audio=0,-1
33 play ball1=309312,935840,-65536,65536,648806,0 paddle1=655360,1114112,0,0,786432,0 paddle2=431648,0,-65536,0,419430,0 aim=0,0,0,0,0,0 you=65536,65536,0,0,0,0 score1=393216,65536,0,0,0,0 cpu=851968,65536,0,0,0,0 score2=1179648,65536,0,0,0,0 audio=0,-1
34 play ball1=298498,946653,-65536,65536,648806,0 paddle1=655360,1114112,0,0,786432,0 paddle2=424657,0,-65536,0,419430,0 aim=0,0,0,0,0,0 you=65536,65536,0,0,0,0 score1=393216,65536,0,0,0,0 cpu=851968,65536,0,0,0,0 score2=1179648,65536,0,0,0,0 audio=0,-1
35 play ball1=287684,957466,-65536,65536,648806,0 paddle1=655360,1114112,0,0,786432,0 paddle2=417666,0,-65536,0,419430,0 aim=0,0,0,0,0,0 you=65536,65536,0,0,0,0 score1=393216,65536,0,0,0,0 cpu=851968,65536,0,0,0,0 score2=1179648,65536,0,0,0,0 audio=0,-1
36 play ball1=276870,968279,-65536,65536,648806,0 paddle1=655360,1114112,0,0,786432,0 paddle2=410675,0,-65536,0,419430,0 aim=0,0,0,0,0,0 you=65536,65536,0,0,0,0 score1=393216,65536,0,0,0,0 cpu=851968,65536,0,0,0,0 score2=1179648,65536,0,0,0,0 audio=0,-1
37 play ball1=266056,979092,-65536,65536,648806,0 paddle1=655360,1114112,0,0,786432,0 paddle2=403684,0,-65536,0,419430,0 aim=0,0,0,0,0,0 you=65536,65536,0,0,0,0 score1=393216,65536,0,0,0,0 cpu=851968,65536,0,0,0,0 score2=1179648,65536,0,0,0,0 audio=0,-1
38 play ball1=255242,989905,-65536,65536,648806,0 paddle1=655360,1114112,0,0,786432,0 paddle2=396693,0,-65536,0,419430,0 aim=0,0,0,0,0,0 you=65536,65536,0,0,0,0 score1=393216,65536,0,0,0,0 cpu=851968,65536,0,0,0,0 score2=1179648,65536,0,0,0,0 audio=0,-1
39 play ball1=244428,1000718,-65536,65536,648806,0 paddle1=655360,1114112,0,0,786432,0 paddle2=389702,0,-65536,0,419430,0 aim=0,0,0,0,0,0 you=65536,65536,0,0,0,0 score1=393216,65536,0,0,0,0 cpu=851968,65536,0,0,0,0 score2=1179648,65536,0,0,0,0 audio=0,-1
40 play ball1=233614,1011531,-65536,65536,648806,0 paddle1=655360,1114112,0,0,786432,0 paddle2=382711,0,-65536,0,419430,0 aim=0,0,0,0,0,0 you=65536,65536,0,0,0,0 score1=393216,65536,0,0,0,0 cpu=851968,65536,0,0,0,0 score2=1179648,65536,0,0,0,0 audio=0,-1
41 play ball1=222800,1022344,-65536,65536,648806,0 paddle1=655360,1114112,0,0,786432,0 paddle2=375720,0,-65536,0,419430,0 aim=0,0,0,0,0,0 you=65536,65536,0,0,0,0 score1=393216,65536,0,0,0,0 cpu=851968,65536,0,0,0,0 score2=1179648,65536,0,0,0,0 audio=0,-1
42 play ball1=211986,1033157,-65536,65536,648806,0 paddle1=655360,1114112,0,0,786432,0 paddle2=368729,0,-65536,0,419430,0 aim=0,0,0,0,0,0 you=65536,65536,0,0,0,0 score1=393216,65536,0,0,0,0 cpu=851968,65536,0,0,0,0 score2=1179648,65536,0,0,0,0 audio=0,-1
43 play ball1=201172,1043970,-65536,65536,648806,0 paddle1=655360,1114112,0,0,786432,0 paddle2=361738,0,-65536,0,419430,0 aim=0,0,0,0,0,0 you=65536,65536,0,0,0,0 score1=393216,65536,0,0,0,0 cpu=851968,65536,0,0,0,0 score2=1179648,65536,0,0,0,0 audio=0,-1
44 play ball1=190358,1054783,-65536,65536,648806,0 paddle1=655360,1114112,0,0,786432,0 paddle2=354747,0,-65536,0,419430,0 aim=0,0,0,0,0,0 you=65536,65536,0,0,0,0 score1=393216,65536,0,0,0,0 cpu=851968,65536,0,0,0,0 score2=1179648,65536,0,0,0,0 audio=0,-1
45 play ball1=179544,1065596,-65536,65536,648806,0 paddle1=655360,1114112,0,0,786432,0 paddle2=347756,0,-65536,0,419430,0 aim=0,0,0,0,0,0 you=65536,65536,0,0,0,0 score1=393216,65536,0,0,0,0 cpu=851968,65536,0,0,0,0 score2=1179648,65536,0,0,0,0 audio=0,-1
46 play ball1=168730,1076409,-65536,65536,648806,0 paddle1=655360,1114112,0,0,786432,0 paddle2=340765,0,-65536,0,419430,0 aim=0,0,0,0,0,0 you=65536,65536,0,0,0,0 score1=393216,65536,0,0,0,0 cpu=851968,65536,0,0,0,0 score2=1179648,65536,0,0,0,0 audio=0,-1
47 play ball1=157916,1087222,-65536,65536,648806,0 paddle1=655360,1114112,0,0,786432,0 paddle2=333774,0,-65536,0,419430,0 aim=0,0,0,0,0,0 you=65536,65536,0,0,0,0 score1=393216,65536,0,0,0,0 cpu=851968,65536,0,0,0,0 score2=1179648,65536,0,0,0,0 audio=0,-1
48 play ball1=147102,1098035,-65536,65536,648806,0 paddle1=655360,1114112,0,0,786432,0 paddle2=326783,0,-65536,0,419430,0 aim=0,0,0,0,0,0 you=65536,65536,0,0,0,0 score1=393216,65536,0,0,0,0 cpu=851968,65536,0,0,0,0 score2=1179648,65536,0,0,0,0 audio=0,-1
49 play ball1=136288,1108848,-65536,65536,648806,0 paddle1=655360,1114112,0,0,786432,0 paddle2=319792,0,-65536,0,419430,0 aim=0,0,0,0,0,0 you=65536,65536,0,0,0,0 score1=393216,65536,0,0,0,0 cpu=851968,65536,0,0,0,0 score2=1179648,65536,0,0,0,0 audio=0,-1
50 play ball1=655360,589824,-65536,-65536,648806,0 paddle1=655360,1114112,0,0,786432,0 paddle2=312801,0,-65536,0,419430,0 aim=0,0,0,0,0,91749 you=65536,65536,0,0,0,0 score1=393216,65536,0,0,0,0 cpu=851968,65536,0,0,0,0 score2=1179648,65536,0,0,0,65536 audio=0,1
51 play ball1=644546,579010,-65536,-65536,648806,0 paddle1=655360,1114112,0,0,786432,0 paddle2=319791,0,65536,0,419430,0 aim=0,0,0,0,0,91749 you=65536,65536,0,0,0,0 score1=393216,65536,0,0,0,0 cpu=851968,65536,0,0,0,0 score2=1179648,65536,0,0,0,65536 audio=0,-1
52 play ball1=633732,568196,-65536,-65536,648806,0 paddle1=655360,1114112,0,0,786432,0 paddle2=326781,0,65536,0,419430,0 aim=0,0,0,0,0,91749 you=65536,65536,0,0,0,0 score1=393216,65536,0,0,0,0 cpu=851968,65536,0,0,0,0 score2=1179648,65536,0,0,0,65536 audio=0,-1
53 play ball1=622918,557382,-65536,-65536,648806,0 paddle1=655360,1114112,0,0,786432,0 paddle2=333771,0,65536,0,419430,0 aim=0,0,0,0,0,91749 you=65536,65536,0,0,0,0 score1=393216,65536,0,0,0,0 cpu=851968,65536,0,0,0,0 score2=1179648,65536,0,0,0,65536 audio=0,-1
54 play ball1=612104,546568,-65536,-65536,648806,0 paddle1=655360,1114112,0,0,786432,0 paddle2=340761,0,65536,0,419430,0 aim=0,0,0,0,0,91749 you=65536,65536,0,0,0,0 score1=393216,65536,0,0,0,0 cpu=851968,65536,0,0,0,0 score2=1179648,65536,0,0,0,65536 audio=0,-1
55 play ball1=601290,535754,-65536,-65536,648806,0 paddle1=655360,1114112,0,0,786432,0 paddle2=347751,0,65536,0,419430,0 aim=0,0,0,0,0,91749 you=65536,65536,0,0,0,0 score1=393216,65536,0,0,0,0 cpu=851968,65536,0,0,0,0 score2=1179648,65536,0,0,0,65536 audio=0,-1
56 play ball1=590476,524940,-65536,-65536,648806,0 paddle1=655360,1114112,0,0,786432,0 paddle2=354741,0,65536,0,419430,0 aim=0,0,0,0,0,91749 you=65536,65536,0,0,0,0 score1=393216,65536,0,0,0,0 cpu=851968,65536,0,0,0,0 score2=1179648,65536,0,0,0,65536 audio=0,-1
57 play ball1=579662,514126,-65536,-65536,648806,0 paddle1=655360,1114112,0,0,786432,0 paddle2=361731,0,65536,0,419430,0 aim=0,0,0,0,0,91749 you=65536,65536,0,0,0,0 score1=393216,65536,0,0,0,0 cpu=851968,65536,0,0,0,0 score2=1179648,65536,0,0,0,65536 audio=0,-1
58 play ball1=568848,503312,-65536,-65536,648806,0 paddle1=655360,1114112,0,0,786432,0 paddle2=368721,0,65536,0,419430,0 aim=0,0,0,0,0,91749 you=65536,65536,0,0,0,0 score1=393216,65536,0,0,0,0 cpu=851968,65536,0,0,0,0 score2=1179648,65536,0,0,0,65536 audio=0,-1
59 play ball1=558034,492498,-65536,-65536,648806,0 paddle1=655360,1114112,0,0,786432,0 paddle2=375711,0,65536,0,419430,0 aim=0,0,0,0,0,91749 you=65536,65536,0,0,0,0 score1=393216,65536,0,0,0,0 cpu=851968,65536,0,0,0,0 score2=1179648,65536,0,0,0,65536 audio=0,-1
60 play ball1=547220,481684,-65536,-65536,648806,0 paddle1=655360,1114112,0,0,786432,0 paddle2=382701,0,65536,0,419430,0 aim=0,0,0,0,0,91749 you=65536,65536,0,0,0,0 score1=393216,65536,0,0,0,0 cpu=851968,65536,0,0,0,0 score2=1179648,65536,0,0,0,65536 audio=0,-1
61 play ball1=536406,470870,-65536,-65536,648806,0 paddle1=655360,1114112,0,0,786432,0 paddle2=389691,0,65536,0,419430,0 aim=0,0,0,0,0,91749 you=65536,65536,0,0,0,0 score1=393216,65536,0,0,0,0 cpu=851968,65536,0,0,0,0 score2=1179648,65536,0,0,0,65536 audio=0,-1
62 play ball1=525592,460056,-65536,-65536,648806,0 paddle1=655360,1114112,0,0,786432,0 paddle2=396681,0,65536,0,419430,0 aim=0,0,0,0,0,91749 you=65536,65536,0,0,0,0 score1=393216,65536,0,0,0,0 cpu=851968,65536,0,0,0,0 score2=1179648,65536,0,0,0,65536 audio=0,-1
63 play ball1=514778,449242,-65536,-65536,648806,0 paddle1=655360,1114112,0,0,786432,0 paddle2=403671,0,65536,0,419430,0 aim=0,0,0,0,0,91749 you=65536,65536,0,0,0,0 score1=393216,65536,0,0,0,0 cpu=851968,65536,0,0,0,0 score2=1179648,65536,0,0,0,65536 audio=0,-1
64 play ball1=503964,438428,-65536,-65536,648806,0 paddle1=655360,1114112,0,0,786432,0 paddle2=410661,0,65536,0,419430,0 aim=0,0,0,0,0,91749 you=65536,65536,0,0,0,0 score1=393216,65536,0,0,0,0 cpu=851968,65536,0,0,0,0 score2=1179648,65536,0,0,0,65536 audio=0,-1
65 play ball1=493150,427614,-65536,-65536,648806,0 paddle1=655360,1114112,0,0,786432,0 paddle2=417651,0,65536,0,419430,0 aim=0,0,0,0,0,91749 you=65536,65536,0,0,0,0 score1=393216,65536,0,0,0,0 cpu=851968,65536,0,0,0,0 score2=1179648,65536,0,0,0,65536 audio=0,-1
66 play ball1=482336,416800,-65536,-65536,648806,0 paddle1=655360,1114112,0,0,786432,0 paddle2=424641,0,65536,0,419430,0 aim=0,0,0,0,0,91749 you=65536,65536,0,0,0,0 score1=393216,65536,0,0,0,0 cpu=851968,65536,0,0,0,0 score2=1179648,65536,0,0,0,65536 audio=0,-1
67 play ball1=471522,405986,-65536,-65536,648806,0 paddle1=655360,1114112,0,0,786432,0 paddle2=431631,0,65536,0,419430,0 aim=0,0,0,0,0,91749 you=65536,65536,0,0,0,0 score1=393216,65536,0,0,0,0 cpu=851968,65536,0,0,0,0 score2=1179648,65536,0,0,0,65536 audio=0,-1
68 play ball1=460708,395172,-65536,-65536,648806,0 paddle1=655360,1114112,0,0,786432,0 paddle2=438621,0,65536,0,419430,0 aim=0,0,0,0,0,91749 you=65536,65536,0,0,0,0 score1=393216,65536,0,0,0,0 cpu=851968,65536,0,0,0,0 score2=1179648,65536,0,0,0,65536 audio=0,-1
69 play ball1=449894,384358,-65536,-65536,648806,0 paddle1=655360,1114112,0,0,786432,0 paddle2=443772,0,48300,0,419430,0 aim=0,0,0,0,0,91749 you=65536,65536,0,0,0,0 score1=393216,65536,0,0,0,0 cpu=851968,65536,0,0,0,0 score2=1179648,65536,0,0,0,65536 audio=0,-1
70 play ball1=439080,373544,-65536,-65536,648806,0 paddle1=655360,1114112,0,0,786432,0 paddle2=447221,0,32335,0,419430,0 aim=0,0,0,0,0,91749 you=65536,65536,0,0,0,0 score1=393216,65536,0,0,0,0 cpu=851968,65536,0,0,0,0 score2=1179648,65536,0,0,0,65536 audio=0,-1
71 play ball1=428266,362730,-65536,-65536,648806,0 paddle1=655360,1114112,0,0,786432,0 paddle2=449148,0,18072,0,419430,0 aim=0,0,0,0,0,91749 you=65536,65536,0,0,0,0 score1=393216,65536,0,0,0,0 cpu=851968,65536,0,0,0,0 score2=1179648,65536,0,0,0,65536 audio=0,-1
72 play ball1=417452,351916,-65536,-65536,648806,0 paddle1=655360,1114112,0,0,786432,0 paddle2=449716,0,5331,0,419430,0 aim=0,0,0,0,0,91749 you=65536,65536,0,0,0,0 score1=393216,65536,0,0,0,0 cpu=851968,65536,0,0,0,0 score2=1179648,65536,0,0,0,65536 audio=0,-1
73 play ball1=406638,341102,-65536,-65536,648806,0 paddle1=655360,1114112,0,0,786432,0 paddle2=449070,0,-6051,0,419430,0 aim=0,0,0,0,0,91749 you=65536,65536,0,0,0,0 score1=393216,65536,0,0,0,0 cpu=851968,65536,0,0,0,0 score2=1179648,65536,0,0,0,65536 audio=0,-1
74 play ball1=395824,330288,-65536,-65536,648806,0 paddle1=655360,1114112,0,0,786432,0 paddle2=447339,0,-16219,0,419430,0 aim=0,0,0,0,0,91749 you=65536,65536,0,0,0,0 score1=393216,65536,0,0,0,0 cpu=851968,65536,0,0,0,0 score2=1179648,65536,0,0,0,65536 audio=0,-1
75 play ball1=385010,319474,-65536,-65536,648806,0 paddle1=655360,1114112,0,0,786432,0 paddle2=444640,0,-25302,0,419430,0 aim=0,0,0,0,0,91749 you=65536,65536,0,0,0,0 score1=393216,65536,0,0,0,0 cpu=851968,65536,0,0,0,0 score2=1179648,65536,0,0,0,65536 audio=0,-1
76 play ball1=374196,308660,-65536,-65536,648806,0 paddle1=655360,1114112,0,0,786432,0 paddle2=441075,0,-33417,0,419430,0 aim=0,0,0,0,0,91749 you=65536,65536,0,0,0,0 score1=393216,65536,0,0,0,0 cpu=851968,65536,0,0,0,0 score2=1179648,65536,0,0,0,65536 audio=0,-1
77 play ball1=363382,297846,-65536,-65536,648806,0 paddle1=655360,1114112,0,0,786432,0 paddle2=436737,0,-40666,0,419430,0 aim=0,0,0,0,0,91749 you=65536,65536,0,0,0,0 score1=393216,65536,0,0,0,0 cpu=851968,65536,0,0,0,0 score2=1179648,65536,0,0,0,65536 audio=0,-1
78 play ball1=352568,287032,-65536,-65536,648806,0 paddle1=655360,1114112,0,0,786432,0 paddle2=431708,0,-47142,0,419430,0 aim=0,0,0,0,0,91749 you=65536,65536,0,0,0,0 score1=393216,65536,0,0,0,0 cpu=851968,65536,0,0,0,0 score2=1179648,65536,0,0,0,65536 audio=0,-1
79 play ball1=341754,276218,-65536,-65536,648806,0 paddle1=655360,1114112,0,0,786432,0 paddle2=426062,0,-52927,0,419430,0 aim=0,0,0,0,0,91749 you=65536,65536,0,0,0,0 score1=393216,65536,0,0,0,0 cpu=851968,65536,0,0,0,0 score2=1179648,65536,0,0,0,65536 audio=0,-1
80 play ball1=330940,265404,-65536,-65536,648806,0 paddle1=655360,1114112,0,0,786432,0 paddle2=419865,0,-58095,0,419430,0 aim=0,0,0,0,0,91749 you=65536,65536,0,0,0,0 score1=393216,65536,0,0,0,0 cpu=851968,65536,0,0,0,0 score2=1179648,65536,0,0,0,65536 audio=0,-1
81 play ball1=320126,254590,-65536,-65536,648806,0 paddle1=655360,1114112,0,0,786432,0 paddle2=413175,0,-62712,0,419430,0 aim=0,0,0,0,0,91749 you=65536,65536,0,0,0,0 score1=393216,65536,0,0,0,0 cpu=851968,65536,0,0,0,0 score2=1179648,65536,0,0,0,65536 audio=0,-1
82 play ball1=309312,243776,-65536,-65536,648806,0 paddle1=655360,1114112,0,0,786432,0 paddle2=406184,0,-65536,0,419430,0 aim=0,0,0,0,0,91749 you=65536,65536,0,0,0,0 score1=393216,65536,0,0,0,0 cpu=851968,65536,0,0,0,0 score2=1179648,65536,0,0,0,65536 audio=0,-1
83 play ball1=298498,232962,-65536,-65536,648806,0 paddle1=655360,1114112,0,0,786432,0 paddle2=399193,0,-65536,0,419430,0 aim=0,0,0,0,0,91749 you=65536,65536,0,0,0,0 score1=393216,65536,0,0,0,0 cpu=851968,65536,0,0,0,0 score2=1179648,65536,0,0,0,65536 audio=0,-1
84 play ball1=287684,222148,-65536,-65536,648806,0 paddle1=655360,1114112,0,0,786432,0 paddle2=392202,0,-65536,0,419430,0 aim=0,0,0,0,0,91749 you=65536,65536,0,0,0,0 score1=393216,65536,0,0,0,0 cpu=851968,65536,0,0,0,0 score2=1179648,65536,0,0,0,65536 audio=0,-1
85 play ball1=276870,211334,-65536,-65536,648806,0 paddle1=655360,1114112,0,0,786432,0 paddle2=385211,0,-65536,0,419430,0 aim=0,0,0,0,0,91749 you=65536,65536,0,0,0,0 score1=393216,65536,0,0,0,0 cpu=851968,65536,0,0,0,0 score2=1179648,65536,0,0,0,65536 audio=0,-1
86 play ball1=266056,200520,-65536,-65536,648806,0 paddle1=655360,1114112,0,0,786432,0 paddle2=378220,0,-65536,0,419430,0 aim=0,0,0,0,0,91749 you=65536,65536,0,0,0,0 score1=393216,65536,0,0,0,0 cpu=851968,65536,0,0,0,0 score2=1179648,65536,0,0,0,65536 audio=0,-1
87 play ball1=255242,189706,-65536,-65536,648806,0 paddle1=655360,1114112,0,0,786432,0 paddle2=371229,0,-65536,0,419430,0 aim=0,0,0,0,0,91749 you=65536,65536,0,0,0,0 score1=393216,65536,0,0,0,0 cpu=851968,65536,0,0,0,0 score2=1179648,65536,0,0,0,65536 audio=0,-1
88 play ball1=244428,178892,-65536,-65536,648806,0 paddle1=655360,1114112,0,0,786432,0 paddle2=364238,0,-65536,0,419430,0 aim=0,0,0,0,0,91749 you=65536,65536,0,0,0,0 score1=393216,65536,0,0,0,0 cpu=851968,65536,0,0,0,0 score2=1179648,65536,0,0,0,65536 audio=0,-1
89 play ball1=233614,168078,-65536,-65536,648806,0 paddle1=655360,1114112,0,0,786432,0 paddle2=357247,0,-65536,0,419430,0 aim=0,0,0,0,0,91749 you=65536,65536,0,0,0,0 score1=393216,65536,0,0,0,0 cpu=851968,65536,0,0,0,0 score2=1179648,65536,0,0,0,65536 audio=0,-1
90 play ball1=222800,157264,-65536,-65536,648806,0 paddle1=655360,1114112,0,0,786432,0 paddle2=350256,0,-65536,0,419430,0 aim=0,0,0,0,0,91749 you=65536,65536,0,0,0,0 score1=393216,65536,0,0,0,0 cpu=851968,65536,0,0,0,0 score2=1179648,65536,0,0,0,65536 audio=0,-1
91 play ball1=211986,146450,-65536,-65536,648806,0 paddle1=655360,1114112,0,0,786432,0 paddle2=343265,0,-65536,0,419430,0 aim=0,0,0,0,0,91749 you=65536,65536,0,0,0,0 score1=393216,65536,0,0,0,0 cpu=851968,65536,0,0,0,0 score2=1179648,65536,0,0,0,65536 audio=0,-1
92 play ball1=201172,135636,-65536,-65536,648806,0 paddle1=642252,1114112,-65536,0,786432,0 paddle2=336274,0,-65536,0,419430,0 aim=0,0,0,0,0,91749 you=65536,65536,0,0,0,0 score1=393216,65536,0,0,0,0 cpu=851968,65536,0,0,0,0 score2=1179648,65536,0,0,0,65536 audio=0,-1
93 play ball1=190358,124822,-65536,-65536,648806,0 paddle1=629144,1114112,-65536,0,786432,0 paddle2=329283,0,-65536,0,419430,0 aim=0,0,0,0,0,91749 you=65536,65536,0,0,0,0 score1=393216,65536,0,0,0,0 cpu=851968,65536,0,0,0,0 score2=1179648,65536,0,0,0,65536 audio=0,-1
94 play ball1=179544,114008,-65536,-65536,648806,0 paddle1=616036,1114112,-65536,0,786432,0 paddle2=322292,0,-65536,0,419430,0 aim=0,0,0,0,0,91749 you=65536,65536,0,0,0,0 score1=393216,65536,0,0,0,0 cpu=851968,65536,0,0,0,0 score2=1179648,65536,0,0,0,65536 audio=0,-1
95 play ball1=168730,103194,-65536,-65536,648806,0 paddle1=602928,1114112,-65536,0,786432,0 paddle2=315301,0,-65536,0,419430,0 aim=0,0,0,0,0,91749 you=65536,65536,0,0,0,0 score1=393216,65536,0,0,0,0 cpu=851968,65536,0,0,0,0 score2=1179648,65536,0,0,0,65536 audio=0,-1
96 play ball1=157916,92380,-65536,-65536,648806,0 paddle1=589820,1114112,-65536,0,786432,0 paddle2=308310,0,-65536,0,419430,0 aim=0,0,0,0,0,91749 you=65536,65536,0,0,0,0 score1=393216,65536,0,0,0,0 cpu=851968,65536,0,0,0,0 score2=1179648,65536,0,0,0,65536 audio=0,-1
97 play ball1=147102,81566,-65536,-65536,648806,0 paddle1=576712,1114112,-65536,0,786432,0 paddle2=301319,0,-65536,0,419430,0 aim=0,0,0,0,0,91749 you=65536,65536,0,0,0,0 score1=393216,65536,0,0,0,0 cpu=851968,65536,0,0,0,0 score2=1179648,65536,0,0,0,65536 audio=0,-1
98 play ball1=136288,70752,-65536,-65536,648806,0 paddle1=563604,1114112,-65536,0,786432,0 paddle2=294328,0,-65536,0,419430,0 aim=0,0,0,0,0,91749 you=65536,65536,0,0,0,0 score1=393216,65536,0,0,0,0 cpu=851968,65536,0,0,0,0 score2=1179648,65536,0,0,0,65536 audio=0,-1
99 play ball1=125474,59938,-65536,-65536,648806,0 paddle1=550496,1114112,-65536,0,786432,0 paddle2=287337,0,-65536,0,419430,0 aim=0,0,0,0,0,91749 you=65536,65536,0,0,0,0 score1=393216,65536,0,0,0,0 cpu=851968,65536,0,0,0,0 score2=1179648,65536,0,0,0,65536 audio=0,-1
100 play ball1=114660,49124,-65536,-65536,648806,0 paddle1=537388,1114112,-65536,0,786432,0 paddle2=280346,0,-65536,0,419430,0 aim=0,0,0,0,0,91749 you=65536,65536,0,0,0,0 score1=393216,65536,0,0,0,0 cpu=851968,65536,0,0,0,0 score2=1179648,65536,0,0,0,65536 audio=0,-1
101 play ball1=103846,38310,-65536,-65536,648806,0 paddle1=524280,1114112,-65536,0,786432,0 paddle2=273355,0,-65536,0,419430,0 aim=0,0,0,0,0,91749 you=65536,65536,0,0,0,0 score1=393216,65536,0,0,0,0 cpu=851968,65536,0,0,0,0 score2=1179648,65536,0,0,0,65536 audio=0,-1
102 play ball1=93032,27496,-65536,-65536,648806,0 paddle1=511172,1114112,-65536,0,786432,0 paddle2=266364,0,-65536,0,419430,0 aim=0,0,0,0,0,91749 you=65536,65536,0,0,0,0 score1=393216,65536,0,0,0,0 cpu=851968,65536,0,0,0,0 score2=1179648,65536,0,0,0,65536 audio=0,-1
103 play ball1=82218,16682,-65536,-65536,648806,0 paddle1=498064,1114112,-65536,0,786432,0 paddle2=259373,0,-65536,0,419430,0 aim=0,0,0,0,0,91749 you=65536,65536,0,0,0,0 score1=393216,65536,0,0,0,0 cpu=851968,65536,0,0,0,0 score2=1179648,65536,0,0,0,65536 audio=0,-1
104 play ball1=71404,5868,-65536,-65536,648806,0 paddle1=484956,1114112,-65536,0,786432,0 paddle2=252382,0,-65536,0,419430,0 aim=0,0,0,0,0,91749 you=65536,65536,0,0,0,0 score1=393216,65536,0,0,0,0 cpu=851968,65536,0,0,0,0 score2=1179648,65536,0,0,0,65536 audio=0,-1
105 play ball1=655360,589824,-65536,65536,648806,0 paddle1=471848,1114112,-65536,0,786432,0 paddle2=245391,0,-65536,0,419430,0 aim=0,0,0,0,0,-104856 you=65536,65536,0,0,0,0 score1=393216,65536,0,0,0,65536 cpu=851968,65536,0,0,0,0 score2=1179648,65536,0,0,0,65536 audio=0,1
106 play ball1=644546,600637,-65536,65536,648806,0 paddle1=458740,1114112,-65536,0,786432,0 paddle2=252381,0,65536,0,419430,0 aim=0,0,0,0,0,-104856 you=65536,65536,0,0,0,0 score1=393216,65536,0,0,0,65536 cpu=851968,65536,0,0,0,0 score2=1179648,65536,0,0,0,65536 audio=0,-1
107 play ball1=633732,611450,-65536,65536,648806,0 paddle1=445632,1114112,-65536,0,786432,0 paddle2=259371,0,65536,0,419430,0 aim=0,0,0,0,0,-104856 you=65536,65536,0,0,0,0 score1=393216,65536,0,0,0,65536 cpu=851968,65536,0,0,0,0 score2=1179648,65536,0,0,0,65536 audio=0,-1
108 play ball1=622918,622263,-65536,65536,648806,0 paddle1=432524,1114112,-65536,0,786432,0 paddle2=266361,0,65536,0,419430,0 aim=0,0,0,0,0,-104856 you=65536,65536,0,0,0,0 score1=393216,65536,0,0,0,65536 cpu=851968,65536,0,0,0,0 score2=1179648,65536,0,0,0,65536 audio=0,-1
109 play ball1=612104,633076,-65536,65536,648806,0 paddle1=419416,1114112,-65536,0,786432,0 paddle2=273351,0,65536,0,419430,0 aim=0,0,0,0,0,-104856 you=65536,65536,0,0,0,0 score1=393216,65536,0,0,0,65536 cpu=851968,65536,0,0,0,0 score2=1179648,65536,0,0,0,65536 audio=0,-1
110 play ball1=601290,643889,-65536,65536,648806,0 paddle1=406308,1114112,-65536,0,786432,0 paddle2=280341,0,65536,0,419430,0 aim=0,0,0,0,0,-104856 you=65536,65536,0,0,0,0 score1=393216,65536,0,0,0,65536 cpu=851968,65536,0,0,0,0 score2=1179648,65536,0,0,0,65536 audio=0,-1
111 play ball1=590476,654702,-65536,65536,648806,0 paddle1=393200,1114112,-65536,0,786432,0 paddle2=287331,0,65536,0,419430,0 aim=0,0,0,0,0,-104856 you=65536,65536,0,0,0,0 score1=393216,65536,0,0,0,65536 cpu=851968,65536,0,0,0,0 score2=1179648,65536,0,0,0,65536 audio=0,-1
112 play ball1=579662,665515,-65536,65536,648806,0 paddle1=380092,1114112,-65536,0,786432,0 paddle2=294321,0,65536,0,419430,0 aim=0,0,0,0,0,-104856 you=65536,65536,0,0,0,0 score1=393216,65536,0,0,0,65536 cpu=851968,65536,0,0,0,0 score2=1179648,65536,0,0,0,65536 audio=0,-1
113 play ball1=568848,676328,-65536,65536,648806,0 paddle1=366984,1114112,-65536,0,786432,0 paddle2=301311,0,65536,0,419430,0 aim=0,0,0,0,0,-104856 you=65536,65536,0,0,0,0 score1=393216,65536,0,0,0,65536 cpu=851968,65536,0,0,0,0 score2=1179648,65536,0,0,0,65536 audio=0,-1
114 play ball1=558034,687141,-65536,65536,648806,0 paddle1=353876,1114112,-65536,0,786432,0 paddle2=308301,0,65536,0,419430,0 aim=0,0,0,0,0,-104856 you=65536,65536,0,0,0,0 score1=393216,65536,0,0,0,65536 cpu=851968,65536,0,0,0,0 score2=1179648,65536,0,0,0,65536 audio=0,-1
115 play ball1=547220,697954,-65536,65536,648806,0 paddle1=340768,1114112,-65536,0,786432,0 paddle2=315291,0,65536,0,419430,0 aim=0,0,0,0,0,-104856 you=65536,65536,0,0,0,0 score1=393216,65536,0,0,0,65536 cpu=851968,65536,0,0,0,0 score2=1179648,65536,0,0,0,65536 audio=0,-1
116 play ball1=536406,708767,-65536,65536,648806,0 paddle1=327660,1114112,-65536,0,786432,0 paddle2=321854,0,61537,0,419430,0 aim=0,0,0,0,0,-104856 you=65536,65536,0,0,0,0 score1=393216,65536,0,0,0,65536 cpu=851968,65536,0,0,0,0 score2=1179648,65536,0,0,0,65536 audio=0,-1
117 play ball1=525592,719580,-65536,65536,648806,0 paddle1=314552,1114112,-65536,0,786432,0 paddle2=326564,0,44160,0,419430,0 aim=0,0,0,0,0,-104856 you=65536,65536,0,0,0,0 score1=393216,65536,0,0,0,65536 cpu=851968,65536,0,0,0,0 score2=1179648,65536,0,0,0,65536 audio=0,-1
118 play ball1=514778,730393,-65536,65536,648806,0 paddle1=301444,1114112,-65536,0,786432,0 paddle2=329618,0,28636,0,419430,0 aim=0,0,0,0,0,-104856 you=65536,65536,0,0,0,0 score1=393216,65536,0,0,0,65536 cpu=851968,65536,0,0,0,0 score2=1179648,65536,0,0,0,65536 audio=0,-1
119 play ball1=503964,741206,-65536,65536,648806,0 paddle1=288336,1114112,-65536,0,786432,0 paddle2=331193,0,14768,0,419430,0 aim=0,0,0,0,0,-104856 you=65536,65536,0,0,0,0 score1=393216,65536,0,0,0,65536 cpu=851968,65536,0,0,0,0 score2=1179648,65536,0,0,0,65536 audio=0,-1
120 play ball1=493150,752019,-65536,65536,648806,0 paddle1=275228,1114112,-65536,0,786432,0 paddle2=331446,0,2379,0,419430,0 aim=0,0,0,0,0,-104856 you=65536,65536,0,0,0,0 score1=393216,65536,0,0,0,65536 cpu=851968,65536,0,0,0,0 score2=1179648,65536,0,0,0,65536 audio=0,-1
121 play ball1=482336,762832,-65536,65536,648806,0 paddle1=262120,1114112,-65536,0,786432,0 paddle2=330519,0,-8688,0,419430,0 aim=0,0,0,0,0,-104856 you=65536,65536,0,0,0,0 score1=393216,65536,0,0,0,65536 cpu=851968,65536,0,0,0,0 score2=1179648,65536,0,0,0,65536 audio=0,-1
122 play ball1=471522,773645,-65536,65536,648806,0 paddle1=249012,1114112,-65536,0,786432,0 paddle2=328537,0,-18575,0,419430,0 aim=0,0,0,0,0,-104856 you=65536,65536,0,0,0,0 score1=393216,65536,0,0,0,65536 cpu=851968,65536,0,0,0,0 score2=1179648,65536,0,0,0,65536 audio=0,-1
123 play ball1=460708,784458,-65536,65536,648806,0 paddle1=235904,1114112,-65536,0,786432,0 paddle2=325613,0,-27407,0,419430,0 aim=0,0,0,0,0,-104856 you=65536,65536,0,0,0,0 score1=393216,65536,0,0,0,65536 cpu=851968,65536,0,0,0,0 score2=1179648,65536,0,0,0,65536 audio=0,-1
124 play ball1=449894,795271,-65536,65536,648806,0 paddle1=222796,1114112,-65536,0,786432,0 paddle2=321847,0,-35297,0,419430,0 aim=0,0,0,0,0,-104856 you=65536,65536,0,0,0,0 score1=393216,65536,0,0,0,65536 cpu=851968,65536,0,0,0,0 score2=1179648,65536,0,0,0,65536 audio=0,-1
125 play ball1=439080,806084,-65536,65536,648806,0 paddle1=209688,1114112,-65536,0,786432,0 paddle2=317330,0,-42345,0,419430,0 aim=0,0,0,0,0,-104856 you=65536,65536,0,0,0,0 score1=393216,65536,0,0,0,65536 cpu=851968,65536,0,0,0,0 score2=1179648,65536,0,0,0,65536 audio=0,-1
126 play ball1=428266,816897,-65536,65536,648806,0 paddle1=196580,1114112,-65536,0,786432,0 paddle2=312141,0,-48642,0,419430,0 aim=0,0,0,0,0,-104856 you=65536,65536,0,0,0,0 score1=393216,65536,0,0,0,65536 cpu=851968,65536,0,0,0,0 score2=1179648,65536,0,0,0,65536 audio=0,-1
127 play ball1=417452,827710,-65536,65536,648806,0 paddle1=183472,1114112,-65536,0,786432,0 paddle2=306352,0,-54267,0,419430,0 aim=0,0,0,0,0,-104856 you=65536,65536,0,0,0,0 score1=393216,65536,0,0,0,65536 cpu=851968,65536,0,0,0,0 score2=1179648,65536,0,0,0,65536 audio=0,-1
128 play ball1=406638,838523,-65536,65536,648806,0 paddle1=170364,1114112,-65536,0,786432,0 paddle2=300027,0,-59292,0,419430,0 aim=0,0,0,0,0,-104856 you=65536,65536,0,0,0,0 score1=393216,65536,0,0,0,65536 cpu=851968,65536,0,0,0,0 score2=1179648,65536,0,0,0,65536 audio=0,-1
129 play ball1=395824,849336,-65536,65536,648806,0 paddle1=157256,1114112,-65536,0,786432,0 paddle2=293223,0,-63781,0,419430,0 aim=0,0,0,0,0,-104856 you=65536,65536,0,0,0,0 score1=393216,65536,0,0,0,65536 cpu=851968,65536,0,0,0,0 score2=1179648,65536,0,0,0,65536 audio=0,-1
130 play ball1=385010,860149,-65536,65536,648806,0 paddle1=144148,1114112,-65536,0,786432,0 paddle2=286232,0,-65536,0,419430,0 aim=0,0,0,0,0,-104856 you=65536,65536,0,0,0,0 score1=393216,65536,0,0,0,65536 cpu=851968,65536,0,0,0,0 score2=1179648,65536,0,0,0,65536 audio=0,-1
131 play ball1=374196,870962,-65536,65536,648806,0 paddle1=131040,1114112,-65536,0,786432,0 paddle2=279241,0,-65536,0,419430,0 aim=0,0,0,0,0,-104856 you=65536,65536,0,0,0,0 score1=393216,65536,0,0,0,65536 cpu=851968,65536,0,0,0,0 score2=1179648,65536,0,0,0,65536 audio=0,-1
132 play ball1=363382,881775,-65536,65536,648806,0 paddle1=117932,1114112,-65536,0,786432,0 paddle2=272250,0,-65536,0,419430,0 aim=0,0,0,0,0,-104856 you=65536,65536,0,0,0,0 score1=393216,65536,0,0,0,65536 cpu=851968,65536,0,0,0,0 score2=1179648,65536,0,0,0,65536 audio=0,-1
133 play ball1=352568,892588,-65536,65536,648806,0 paddle1=104824,1114112,-65536,0,786432,0 paddle2=265259,0,-65536,0,419430,0 aim=0,0,0,0,0,-104856 you=65536,65536,0,0,0,0 score1=393216,65536,0,0,0,65536 cpu=851968,65536,0,0,0,0 score2=1179648,65536,0,0,0,65536 audio=0,-1
134 play ball1=341754,903401,-65536,65536,648806,0 paddle1=91716,1114112,-65536,0,786432,0 paddle2=258268,0,-65536,0,419430,0 aim=0,0,0,0,0,-104856 you=65536,65536,0,0,0,0 score1=393216,65536,0,0,0,65536 cpu=851968,65536,0,0,0,0 score2=1179648,65536,0,0,0,65536 audio=0,-1
135 play ball1=330940,914214,-65536,65536,648806,0 paddle1=78608,1114112,-65536,0,786432,0 paddle2=251277,0,-65536,0,419430,0 aim=0,0,0,0,0,-104856 you=65536,65536,0,0,0,0 score1=393216,65536,0,0,0,65536 cpu=851968,65536,0,0,0,0 score2=1179648,65536,0,0,0,65536 audio=0,-1
136 play ball1=320126,925027,-65536,65536,648806,0 paddle1=65500,1114112,-65536,0,786432,0 paddle2=244286,0,-65536,0,419430,0 aim=0,0,0,0,0,-104856 you=65536,65536,0,0,0,0 score1=393216,65536,0,0,0,65536 cpu=851968,65536,0,0,0,0 score2=1179648,65536,0,0,0,65536 audio=0,-1
137 play ball1=309312,935840,-65536,65536,648806,0 paddle1=52392,1114112,-65536,0,786432,0 paddle2=237295,0,-65536,0,419430,0 aim=0,0,0,0,0,-104856 you=65536,65536,0,0,0,0 score1=393216,65536,0,0,0,65536 cpu=851968,65536,0,0,0,0 score2=1179648,65536,0,0,0,65536 audio=0,-1
138 play ball1=298498,946653,-65536,65536,648806,0 paddle1=39284,1114112,-65536,0,786432,0 paddle2=230304,0,-65536,0,419430,0 aim=0,0,0,0,0,-104856 you=65536,65536,0,0,0,0 score1=393216,65536,0,0,0,65536 cpu=851968,65536,0,0,0,0 score2=1179648,65536,0,0,0,65536 audio=0,-1
139 play ball1=287684,957466,-65536,65536,648806,0 paddle1=26176,1114112,-65536,0,786432,0 paddle2=223313,0,-65536,0,419430,0 aim=0,0,0,0,0,-104856 you=65536,65536,0,0,0,0 score1=393216,65536,0,0,0,65536 cpu=851968,65536,0,0,0,0 score2=1179648,65536,0,0,0,65536 audio=0,-1
140 play ball1=276870,968279,-65536,65536,648806,0 paddle1=13068,1114112,-65536,0,786432,0 paddle2=216322,0,-65536,0,419430,0 aim=0,0,0,0,0,-104856 you=65536,65536,0,0,0,0 score1=393216,65536,0,0,0,65536 cpu=851968,65536,0,0,0,0 score2=1179648,65536,0,0,0,65536 audio=0,-1
141 play ball1=266056,979092,-65536,65536,648806,0 paddle1=0,1114112,0,0,786432,0 paddle2=209331,0,-65536,0,419430,0 aim=0,0,0,0,0,-104856 you=65536,65536,0,0,0,0 score1=393216,65536,0,0,0,65536 cpu=851968,65536,0,0,0,0 score2=1179648,65536,0,0,0,65536 audio=0,-1
142 play ball1=255242,989905,-65536,65536,648806,0 paddle1=0,1114112,-65536,0,786432,0 paddle2=202340,0,-65536,0,419430,0 aim=0,0,0,0,0,-104856 you=65536,65536,0,0,0,0 score1=393216,65536,0,0,0,65536 cpu=851968,65536,0,0,0,0 score2=1179648,65536,0,0,0,65536 audio=0,-1
143 play ball1=244428,1000718,-65536,65536,648806,0 paddle1=0,1114112,-65536,0,786432,0 paddle2=195349,0,-65536,0,419430,0 aim=0,0,0,0,0,-104856 you=65536,65536,0,0,0,0 score1=393216,65536,0,0,0,65536 cpu=851968,65536,0,0,0,0 score2=1179648,65536,0,0,0,65536 audio=0,-1
144 play ball1=233614,1011531,-65536,65536,648806,0 paddle1=0,1114112,-65536,0,786432,0 paddle2=188358,0,-65536,0,419430,0 aim=0,0,0,0,0,-104856 you=65536,65536,0,0,0,0 score1=393216,65536,0,0,0,65536 cpu=851968,65536,0,0,0,0 score2=1179648,65536,0,0,0,65536 audio=0,-1
145 play ball1=222800,1022344,-65536,65536,648806,0 paddle1=0,1114112,-65536,0,786432,0 paddle2=181367,0,-65536,0,419430,0 aim=0,0,0,0,0,-104856 you=65536,65536,0,0,0,0 score1=393216,65536,0,0,0,65536 cpu=851968,65536,0,0,0,0 score2=1179648,65536,0,0,0,65536 audio=0,-1
146 play ball1=211986,1033157,-65536,65536,648806,0 paddle1=0,1114112,-65536,0,786432,0 paddle2=174376,0,-65536,0,419430,0 aim=0,0,0,0,0,-104856 you=65536,65536,0,0,0,0 score1=393216,65536,0,0,0,65536 cpu=851968,65536,0,0,0,0 score2=1179648,65536,0,0,0,65536 audio=0,-1
147 play ball1=201172,1043970,-65536,65536,648806,0 paddle1=0,1114112,-65536,0,786432,0 paddle2=167385,0,-65536,0,419430,0 aim=0,0,0,0,0,-104856 you=65536,65536,0,0,0,0 score1=393216,65536,0,0,0,65536 cpu=851968,65536,0,0,0,0 score2=1179648,65536,0,0,0,65536 audio=0,-1
148 play ball1=190358,1048576,41607,-65536,648806,0 paddle1=0,1114112,-65536,0,786432,0 paddle2=160394,0,-65536,0,419430,0 aim=0,0,0,0,0,13107 you=65536,65536,0,0,0,0 score1=393216,65536,0,0,0,65536 cpu=851968,65536,0,0,0,0 score2=1179648,65536,0,0,0,65536 audio=0,0
149 play ball1=197223,1037762,41607,-65536,648806,0 paddle1=0,1114112,-65536,0,786432,0 paddle2=157997,0,-22465,0,419430,0 aim=0,0,0,0,0,13107 you=65536,65536,0,0,0,0 score1=393216,65536,0,0,0,65536 cpu=851968,65536,0,0,0,0 score2=1179648,65536,0,0,0,65536 audio=0,-1
150 play ball1=204088,1026948,41607,-65536,648806,0 paddle1=0,1114112,-65536,0,786432,0 paddle2=156588,0,-13203,0,419430,0 aim=0,0,0,0,0,13107 you=65536,65536,0,0,0,0 score1=393216,65536,0,0,0,65536 cpu=851968,65536,0,0,0,0 score2=1179648,65536,0,0,0,65536 audio=0,-1
151 play ball1=210953,1016134,41607,-65536,648806,0 paddle1=0,1114112,-65536,0,786432,0 paddle2=156062,0,-4929,0,419430,0 aim=0,0,0,0,0,13107 you=65536,65536,0,0,0,0 score1=393216,65536,0,0,0,65536 cpu=851968,65536,0,0,0,0 score2=1179648,65536,0,0,0,65536 audio=0,-1
152 play ball1=217818,1005320,41607,-65536,648806,0 paddle1=0,1114112,-65536,0,786432,0 paddle2=156324,0,2462,0,419430,0 aim=0,0,0,0,0,13107 you=65536,65536,0,0,0,0 score1=393216,65536,0,0,0,65536 cpu=851968,65536,0,0,0,0 score2=1179648,65536,0,0,0,65536 audio=0,-1
153 play ball1=224683,994506,41607,-65536,648806,0 paddle1=0,1114112,-65536,0,786432,0 paddle2=157290,0,9065,0,419430,0 aim=0,0,0,0,0,13107 you=65536,65536,0,0,0,0 score1=393216,65536,0,0,0,65536 cpu=851968,65536,0,0,0,0 score2=1179648,65536,0,0,0,65536 audio=0,-1
154 play ball1=231548,983692,41607,-65536,648806,0 paddle1=0,1114112,-65536,0,786432,0 paddle2=158886,0,14964,0,419430,0 aim=0,0,0,0,0,13107 you=65536,65536,0,0,0,0 score1=393216,65536,0,0,0,65536 cpu=851968,65536,0,0,0,0 score2=1179648,65536,0,0,0,65536 audio=0,-1
155 play ball1=238413,972878,41607,-65536,648806,0 paddle1=0,1114112,-65536,0,786432,0 paddle2=161044,0,20233,0,419430,0 aim=0,0,0,0,0,13107 you=65536,65536,0,0,0,0 score1=393216,65536,0,0,0,65536 cpu=851968,65536,0,0,0,0 score2=1179648,65536,0,0,0,65536 audio=0,-1
156 play ball1=245278,962064,41607,-65536,648806,0 paddle1=0,1114112,-65536,0,786432,0 paddle2=163704,0,24940,0,419430,0 aim=0,0,0,0,0,13107 you=65536,65536,0,0,0,0 score1=393216,65536,0,0,0,65536 cpu=851968,65536,0,0,0,0 score2=1179648,65536,0,0,0,65536 audio=0,-1
157 play ball1=252143,951250,41607,-65536,648806,0 paddle1=0,1114112,-65536,0,786432,0 paddle2=166812,0,29145,0,419430,0 aim=0,0,0,0,0,13107 you=65536,65536,0,0,0,0 score1=393216,65536,0,0,0,65536 cpu=851968,65536,0,0,0,0 score2=1179648,65536,0,0,0,65536 audio=0,-1
158 play ball1=259008,940436,41607,-65536,648806,0 paddle1=0,1114112,-65536,0,786432,0 paddle2=170321,0,32902,0,419430,0 aim=0,0,0,0,0,13107 you=65536,65536,0,0,0,0 score1=393216,65536,0,0,0,65536 cpu=851968,65536,0,0,0,0 score2=1179648,65536,0,0,0,65536 audio=0,-1
159 play ball1=265873,929622,41607,-65536,648806,0 paddle1=0,1114112,-65536,0,786432,0 paddle2=174188,0,36258,0,419430,0 aim=0,0,0,0,0,13107 you=65536,65536,0,0,0,0 score1=393216,65536,0,0,0,65536 cpu=851968,65536,0,0,0,0 score2=1179648,65536,0,0,0,65536 audio=0,-1
160 play ball1=272738,918808,41607,-65536,648806,0 paddle1=0,1114112,-65536,0,786432,0 paddle2=178375,0,39256,0,419430,0 aim=0,0,0,0,0,13107 you=65536,65536,0,0,0,0 score1=393216,65536,0,0,0,65536 cpu=851968,65536,0,0,0,0 score2=1179648,65536,0,0,0,65536 audio=0,-1
161 play ball1=279603,907994,41607,-65536,648806,0 paddle1=0,1114112,-65536,0,786432,0 paddle2=182847,0,41934,0,419430,0 aim=0,0,0,0,0,13107 you=65536,65536,0,0,0,0 score1=393216,65536,0,0,0,65536 cpu=851968,65536,0,0,0,0 score2=1179648,65536,0,0,0,65536 audio=0,-1
162 play ball1=286468,897180,41607,-65536,648806,0 paddle1=0,1114112,-65536,0,786432,0 paddle2=187575,0,44327,0,419430,0 aim=0,0,0,0,0,13107 you=65536,65536,0,0,0,0 score1=393216,65536,0,0,0,65536 cpu=851968,65536,0,0,0,0 score2=1179648,65536,0,0,0,65536 audio=0,-1
163 play ball1=293333,886366,41607,-65536,648806,0 paddle1=0,1114112,-65536,0,786432,0 paddle2=192531,0,46464,0,419430,0 aim=0,0,0,0,0,13107 you=65536,65536,0,0,0,0 score1=393216,65536,0,0,0,65536 cpu=851968,65536,0,0,0,0 score2=1179648,65536,0,0,0,65536 audio=0,-1
164 play ball1=300198,875552,41607,-65536,648806,0 paddle1=0,1114112,-65536,0,786432,0 paddle2=197690,0,48373,0,419430,0 aim=0,0,0,0,0,13107 you=65536,65536,0,0,0,0 score1=393216,65536,0,0,0,65536 cpu=851968,65536,0,0,0,0 score2=1179648,65536,0,0,0,65536 audio=0,-1
165 play ball1=307063,864738,41607,-65536,648806,0 paddle1=0,1114112,-65536,0,786432,0 paddle2=203031,0,50079,0,419430,0 aim=0,0,0,0,0,13107 you=65536,65536,0,0,0,0 score1=393216,65536,0,0,0,65536 cpu=851968,65536,0,0,0,0 score2=1179648,65536,0,0,0,65536 audio=0,-1
166 play ball1=313928,853924,41607,-65536,648806,0 paddle1=0,1114112,-65536,0,786432,0 paddle2=208535,0,51603,0,419430,0 aim=0,0,0,0,0,13107 you=65536,65536,0,0,0,0 score1=393216,65536,0,0,0,65536 cpu=851968,65536,0,0,0,0 score2=1179648,65536,0,0,0,65536 audio=0,-1
167 play ball1=320793,843110,41607,-65536,648806,0 paddle1=0,1114112,-65536,0,786432,0 paddle2=214184,0,52964,0,419430,0 aim=0,0,0,0,0,13107 you=65536,65536,0,0,0,0 score1=393216,65536,0,0,0,65536 cpu=851968,65536,0,0,0,0 score2=1179648,65536,0,0,0,65536 audio=0,-1
168 play ball1=327658,832296,41607,-65536,648806,0 paddle1=0,1114112,-65536,0,786432,0 paddle2=219963,0,54180,0,419430,0 aim=0,0,0,0,0,13107 you=65536,65536,0,0,0,0 score1=393216,65536,0,0,0,65536 cpu=851968,65536,0,0,0,0 score2=1179648,65536,0,0,0,65536 audio=0,-1
169 play ball1=334523,821482,41607,-65536,648806,0 paddle1=0,1114112,-65536,0,786432,0 paddle2=225858,0,55266,0,419430,0 aim=0,0,0,0,0,13107 you=65536,65536,0,0,0,0 score1=393216,65536,0,0,0,65536 cpu=851968,65536,0,0,0,0 score2=1179648,65536,0,0,0,65536 audio=0,-1
170 play ball1=341388,810668,41607,-65536,648806,0 paddle1=0,1114112,-65536,0,786432,0 paddle2=231856,0,56236,0,419430,0 aim=0,0,0,0,0,13107 you=65536,65536,0,0,0,0 score1=393216,65536,0,0,0,65536 cpu=851968,65536,0,0,0,0 score2=1179648,65536,0,0,0,65536 audio=0,-1
171 play ball1=348253,799854,41607,-65536,648806,0 paddle1=0,1114112,-65536,0,786432,0 paddle2=237946,0,57103,0,419430,0 aim=0,0,0,0,0,13107 you=65536,65536,0,0,0,0 score1=393216,65536,0,0,0,65536 cpu=851968,65536,0,0,0,0 score2=1179648,65536,0,0,0,65536 audio=0,-1
172 play ball1=355118,789040,41607,-65536,648806,0 paddle1=0,1114112,-65536,0,786432,0 paddle2=244119,0,57878,0,419430,0 aim=0,0,0,0,0,13107 you=65536,65536,0,0,0,0 score1=393216,65536,0,0,0,65536 cpu=851968,65536,0,0,0,0 score2=1179648,65536,0,0,0,65536 audio=0,-1
173 play ball1=361983,778226,41607,-65536,648806,0 paddle1=0,1114112,-65536,0,786432,0 paddle2=250366,0,58570,0,419430,0 aim=0,0,0,0,0,13107 you=65536,65536,0,0,0,0 score1=393216,65536,0,0,0,65536 cpu=851968,65536,0,0,0,0 score2=1179648,65536,0,0,0,65536 audio=0,-1
174 play ball1=368848,767412,41607,-65536,648806,0 paddle1=0,1114112,-65536,0,786432,0 paddle2=256679,0,59188,0,419430,0 aim=0,0,0,0,0,13107 you=65536,65536,0,0,0,0 score1=393216,65536,0,0,0,65536 cpu=851968,65536,0,0,0,0 score2=1179648,65536,0,0,0,65536 audio=0,-1
175 play ball1=375713,756598,41607,-65536,648806,0 paddle1=0,1114112,-65536,0,786432,0 paddle2=263051,0,59740,0,419430,0 aim=0,0,0,0,0,13107 you=65536,65536,0,0,0,0 score1=393216,65536,0,0,0,65536 cpu=851968,65536,0,0,0,0 score2=1179648,65536,0,0,0,65536 audio=0,-1
176 play ball1=382578,745784,41607,-65536,648806,0 paddle1=0,1114112,-65536,0,786432,0 paddle2=269475,0,60233,0,419430,0 aim=0,0,0,0,0,13107 you=65536,65536,0,0,0,0 score1=393216,65536,0,0,0,65536 cpu=851968,65536,0,0,0,0 score2=1179648,65536,0,0,0,65536 audio=0,-1
177 play ball1=389443,734970,41607,-65536,648806,0 paddle1=0,1114112,-65536,0,786432,0 paddle2=275946,0,60674,0,419430,0 aim=0,0,0,0,0,13107 you=65536,65536,0,0,0,0 score1=393216,65536,0,0,0,65536 cpu=851968,65536,0,0,0,0 score2=1179648,65536,0,0,0,65536 audio=0,-1
178 play ball1=396308,724156,41607,-65536,648806,0 paddle1=0,1114112,-65536,0,786432,0 paddle2=282459,0,61068,0,419430,0 aim=0,0,0,0,0,13107 you=65536,65536,0,0,0,0 score1=393216,65536,0,0,0,65536 cpu=851968,65536,0,0,0,0 score2=1179648,65536,0,0,0,65536 audio=0,-1
179 play ball1=403173,713342,41607,-65536,648806,0 paddle1=0,1114112,-65536,0,786432,0 paddle2=289010,0,61420,0,419430,0 aim=0,0,0,0,0,13107 you=65536,65536,0,0,0,0 score1=393216,65536,0,0,0,65536 cpu=851968,65536,0,0,0,0 score2=1179648,65536,0,0,0,65536 audio=0,-1
180 play ball1=410038,702528,41607,-65536,648806,0 paddle1=0,1114112,-65536,0,786432,0 paddle2=295594,0,61734,0,419430,0 aim=0,0,0,0,0,13107 you=65536,65536,0,0,0,0 score1=393216,65536,0,0,0,65536 cpu=851968,65536,0,0,0,0 score2=1179648,65536,0,0,0,65536 audio=0,-1
181 play ball1=416903,691714,41607,-65536,648806,0 paddle1=0,1114112,-65536,0,786432,0 paddle2=302208,0,62015,0,419430,0 aim=0,0,0,0,0,13107 you=65536,65536,0,0,0,0 score1=393216,65536,0,0,0,65536 cpu=851968,65536,0,0,0,0 score2=1179648,65536,0,0,0,65536 audio=0,-1
182 play ball1=423768,680900,41607,-65536,648806,0 paddle1=13107,1114112,65536,0,786432,0 paddle2=308849,0,62266,0,419430,0 aim=0,0,0,0,0,13107 you=65536,65536,0,0,0,0 score1=393216,65536,0,0,0,65536 cpu=851968,65536,0,0,0,0 score2=1179648,65536,0,0,0,65536 audio=0,-1
183 play ball1=430633,670086,41607,-65536,648806,0 paddle1=26214,1114112,65536,0,786432,0 paddle2=315514,0,62490,0,419430,0 aim=0,0,0,0,0,13107 you=65536,65536,0,0,0,0 score1=393216,65536,0,0,0,65536 cpu=851968,65536,0,0,0,0 score2=1179648,65536,0,0,0,65536 audio=0,-1
184 play ball1=437498,659272,41607,-65536,648806,0 paddle1=39321,1114112,65536,0,786432,0 paddle2=322200,0,62690,0,419430,0 aim=0,0,0,0,0,13107 you=65536,65536,0,0,0,0 score1=393216,65536,0,0,0,65536 cpu=851968,65536,0,0,0,0 score2=1179648,65536,0,0,0,65536 audio=0,-1
185 play ball1=444363,648458,41607,-65536,648806,0 paddle1=52428,1114112,65536,0,786432,0 paddle2=328906,0,62869,0,419430,0 aim=0,0,0,0,0,13107 you=65536,65536,0,0,0,0 score1=393216,65536,0,0,0,65536 cpu=851968,65536,0,0,0,0 score2=1179648,65536,0,0,0,65536 audio=0,-1
186 play ball1=451228,637644,41607,-65536,648806,0 paddle1=65535,1114112,65536,0,786432,0 paddle2=335628,0,63028,0,419430,0 aim=0,0,0,0,0,13107 you=65536,65536,0,0,0,0 score1=393216,65536,0,0,0,65536 cpu=851968,65536,0,0,0,0 score2=1179648,65536,0,0,0,65536 audio=0,-1
187 play ball1=458093,626830,41607,-65536,648806,0 paddle1=78642,1114112,65536,0,786432,0 paddle2=342366,0,63171,0,419430,0 aim=0,0,0,0,0,13107 you=65536,65536,0,0,0,0 score1=393216,65536,0,0,0,65536 cpu=851968,65536,0,0,0,0 score2=1179648,65536,0,0,0,65536 audio=0,-1
188 play ball1=464958,616016,41607,-65536,648806,0 paddle1=91749,1114112,65536,0,786432,0 paddle2=349117,0,63298,0,419430,0 aim=0,0,0,0,0,13107 you=65536,65536,0,0,0,0 score1=393216,65536,0,0,0,65536 cpu=851968,65536,0,0,0,0 score2=1179648,65536,0,0,0,65536 audio=0,-1
189 play ball1=471823,605202,41607,-65536,648806,0 paddle1=104856,1114112,65536,0,786432,0 paddle2=355880,0,63412,0,419430,0 aim=0,0,0,0,0,13107 you=65536,65536,0,0,0,0 score1=393216,65536,0,0,0,65536 cpu=851968,65536,0,0,0,0 score2=1179648,65536,0,0,0,65536 audio=0,-1
190 play ball1=478688,594388,41607,-65536,648806,0 paddle1=117963,1114112,65536,0,786432,0 paddle2=362654,0,63514,0,419430,0 aim=0,0,0,0,0,13107 you=65536,65536,0,0,0,0 score1=393216,65536,0,0,0,65536 cpu=851968,65536,0,0,0,0 score2=1179648,65536,0,0,0,65536 audio=0,-1
191 play ball1=485553,583574,41607,-65536,648806,0 paddle1=131070,1114112,65536,0,786432,0 paddle2=369438,0,63605,0,419430,0 aim=0,0,0,0,0,13107 you=65536,65536,0,0,0,0 score1=393216,65536,0,0,0,65536 cpu=851968,65536,0,0,0,0 score2=1179648,65536,0,0,0,65536 audio=0,-1
192 play ball1=492418,572760,41607,-65536,648806,0 paddle1=144177,1114112,65536,0,786432,0 paddle2=376231,0,63686,0,419430,0 aim=0,0,0,0,0,13107 you=65536,65536,0,0,0,0 score1=393216,65536,0,0,0,65536 cpu=851968,65536,0,0,0,0 score2=1179648,65536,0,0,0,65536 audio=0,-1
193 play ball1=499283,561946,41607,-65536,648806,0 paddle1=157284,1114112,65536,0,786432,0 paddle2=383031,0,63758,0,419430,0 aim=0,0,0,0,0,13107 you=65536,65536,0,0,0,0 score1=393216,65536,0,0,0,65536 cpu=851968,65536,0,0,0,0 score2=1179648,65536,0,0,0,65536 audio=0,-1
194 play ball1=506148,551132,41607,-65536,648806,0 paddle1=170391,1114112,65536,0,786432,0 paddle2=389838,0,63823,0,419430,0 aim=0,0,0,0,0,13107 you=65536,65536,0,0,0,0 score1=393216,65536,0,0,0,65536 cpu=851968,65536,0,0,0,0 score2=1179648,65536,0,0,0,65536 audio=0,-1
195 play ball1=513013,540318,41607,-65536,648806,0 paddle1=183498,1114112,65536,0,786432,0 paddle2=396651,0,63881,0,419430,0 aim=0,0,0,0,0,13107 you=65536,65536,0,0,0,0 score1=393216,65536,0,0,0,65536 cpu=851968,65536,0,0,0,0 score2=1179648,65536,0,0,0,65536 audio=0,-1
196 play ball1=519878,529504,41607,-65536,648806,0 paddle1=196605,1114112,65536,0,786432,0 paddle2=403470,0,63933,0,419430,0 aim=0,0,0,0,0,13107 you=65536,65536,0,0,0,0 score1=393216,65536,0,0,0,65536 cpu=851968,65536,0,0,0,0 score2=1179648,65536,0,0,0,65536 audio=0,-1
197 play ball1=526743,518690,41607,-65536,648806,0 paddle1=209712,1114112,65536,0,786432,0 paddle2=410294,0,63979,0,419430,0 aim=0,0,0,0,0,13107 you=65536,65536,0,0,0,0 score1=393216,65536,0,0,0,65536 cpu=851968,65536,0,0,0,0 score2=1179648,65536,0,0,0,65536 audio=0,-1
198 play ball1=533608,507876,41607,-65536,648806,0 paddle1=222819,1114112,65536,0,786432,0 paddle2=417122,0,64020,0,419430,0 aim=0,0,0,0,0,13107 you=65536,65536,0,0,0,0 score1=393216,65536,0,0,0,65536 cpu=851968,65536,0,0,0,0 score2=1179648,65536,0,0,0,65536 audio=0,-1
199 play ball1=540473,497062,41607,-65536,648806,0 paddle1=235926,1114112,65536,0,786432,0 paddle2=423954,0,64057,0,419430,0 aim=0,0,0,0,0,13107 you=65536,65536,0,0,0,0 score1=393216,65536,0,0,0,65536 cpu=851968,65536,0,0,0,0 score2=1179648,65536,0,0,0,65536 audio=0,-1
200 play ball1=547338,486248,41607,-65536,648806,0 paddle1=249033,1114112,65536,0,786432,0 paddle2=430790,0,64090,0,419430,0 aim=0,0,0,0,0,13107 you=65536,65536,0,0,0,0 score1=393216,65536,0,0,0,65536 cpu=851968,65536,0,0,0,0 score2=1179648,65536,0,0,0,65536 audio=0,-1
201 play ball1=554203,475434,41607,-65536,648806,0 paddle1=262140,1114112,65536,0,786432,0 paddle2=437629,0,64119,0,419430,0 aim=0,0,0,0,0,13107 you=65536,65536,0,0,0,0 score1=393216,65536,0,0,0,65536 cpu=851968,65536,0,0,0,0 score2=1179648,65536,0,0,0,65536 audio=0,-1
202 play ball1=561068,464620,41607,-65536,648806,0 paddle1=275247,1114112,65536,0,786432,0 paddle2=444471,0,64145,0,419430,0 aim=0,0,0,0,0,13107 you=65536,65536,0,0,0,0 score1=393216,65536,0,0,0,65536 cpu=851968,65536,0,0,0,0 score2=1179648,65536,0,0,0,65536 audio=0,-1
203 play ball1=567933,453806,41607,-65536,648806,0 paddle1=288354,1114112,65536,0,786432,0 paddle2=451315,0,64168,0,419430,0 aim=0,0,0,0,0,13107 you=65536,65536,0,0,0,0 score1=393216,65536,0,0,0,65536 cpu=851968,65536,0,0,0,0 score2=1179648,65536,0,0,0,65536 audio=0,-1
204 play ball1=574798,442992,41607,-65536,648806,0 paddle1=301461,1114112,65536,0,786432,0 paddle2=458161,0,64189,0,419430,0 aim=0,0,0,0,0,13107 you=65536,65536,0,0,0,0 score1=393216,65536,0,0,0,65536 cpu=851968,65536,0,0,0,0 score2=1179648,65536,0,0,0,65536 audio=0,-1
205 play ball1=581663,432178,41607,-65536,648806,0 paddle1=314568,1114112,65536,0,786432,0 paddle2=465009,0,64208,0,419430,0 aim=0,0,0,0,0,13107 you=65536,65536,0,0,0,0 score1=393216,65536,0,0,0,65536 cpu=851968,65536,0,0,0,0 score2=1179648,65536,0,0,0,65536 audio=0,-1
206 play ball1=588528,421364,41607,-65536,648806,0 paddle1=327675,1114112,65536,0,786432,0 paddle2=471859,0,64225,0,419430,0 aim=0,0,0,0,0,13107 you=65536,65536,0,0,0,0 score1=393216,65536,0,0,0,65536 cpu=851968,65536,0,0,0,0 score2=1179648,65536,0,0,0,65536 audio=0,-1
207 play ball1=595393,410550,41607,-65536,648806,0 paddle1=340782,1114112,65536,0,786432,0 paddle2=478711,0,64240,0,419430,0 aim=0,0,0,0,0,13107 you=65536,65536,0,0,0,0 score1=393216,65536,0,0,0,65536 cpu=851968,65536,0,0,0,0 score2=1179648,65536,0,0,0,65536 audio=0,-1
208 play ball1=602258,399736,41607,-65536,648806,0 paddle1=353889,1114112,65536,0,786432,0 paddle2=485564,0,64253,0,419430,0 aim=0,0,0,0,0,13107 you=65536,65536,0,0,0,0 score1=393216,65536,0,0,0,65536 cpu=851968,65536,0,0,0,0 score2=1179648,65536,0,0,0,65536 audio=0,-1
209 play ball1=609123,388922,41607,-65536,648806,0 paddle1=366996,1114112,65536,0,786432,0 paddle2=492418,0,64265,0,419430,0 aim=0,0,0,0,0,13107 you=65536,65536,0,0,0,0 score1=393216,65536,0,0,0,65536 cpu=851968,65536,0,0,0,0 score2=1179648,65536,0,0,0,65536 audio=0,-1
210 play ball1=615988,378108,41607,-65536,648806,0 paddle1=380103,1114112,65536,0,786432,0 paddle2=499274,0,64276,0,419430,0 aim=0,0,0,0,0,13107 you=65536,65536,0,0,0,0 score1=393216,65536,0,0,0,65536 cpu=851968,65536,0,0,0,0 score2=1179648,65536,0,0,0,65536 audio=0,-1
211 play ball1=622853,367294,41607,-65536,648806,0 paddle1=393210,1114112,65536,0,786432,0 paddle2=506131,0,64285,0,419430,0 aim=0,0,0,0,0,13107 you=65536,65536,0,0,0,0 score1=393216,65536,0,0,0,65536 cpu=851968,65536,0,0,0,0 score2=1179648,65536,0,0,0,65536 audio=0,-1
212 play ball1=629718,356480,41607,-65536,648806,0 paddle1=406317,1114112,65536,0,786432,0 paddle2=512988,0,64293,0,419430,0 aim=0,0,0,0,0,13107 you=65536,65536,0,0,0,0 score1=393216,65536,0,0,0,65536 cpu=851968,65536,0,0,0,0 score2=1179648,65536,0,0,0,65536 audio=0,-1
213 play ball1=636583,345666,41607,-65536,648806,0 paddle1=419424,1114112,65536,0,786432,0 paddle2=519846,0,64301,0,419430,0 aim=0,0,0,0,0,13107 you=65536,65536,0,0,0,0 score1=393216,65536,0,0,0,65536 cpu=851968,65536,0,0,0,0 score2=1179648,65536,0,0,0,65536 audio=0,-1
214 play ball1=643448,334852,41607,-65536,648806,0 paddle1=432531,1114112,65536,0,786432,0 paddle2=526705,0,64308,0,419430,0 aim=0,0,0,0,0,13107 you=65536,65536,0,0,0,0 score1=393216,65536,0,0,0,65536 cpu=851968,65536,0,0,0,0 score2=1179648,65536,0,0,0,65536 audio=0,-1
215 play ball1=650313,324038,41607,-65536,648806,0 paddle1=445638,1114112,65536,0,786432,0 paddle2=533565,0,64314,0,419430,0 aim=0,0,0,0,0,13107 you=65536,65536,0,0,0,0 score1=393216,65536,0,0,0,65536 cpu=851968,65536,0,0,0,0 score2=1179648,65536,0,0,0,65536 audio=0,-1
216 play ball1=657178,313224,41607,-65536,648806,0 paddle1=458745,1114112,65536,0,786432,0 paddle2=540425,0,64319,0,419430,0 aim=0,0,0,0,0,13107 you=65536,65536,0,0,0,0 score1=393216,65536,0,0,0,65536 cpu=851968,65536,0,0,0,0 score2=1179648,65536,0,0,0,65536 audio=0,-1
217 play ball1=664043,302410,41607,-65536,648806,0 paddle1=471852,1114112,65536,0,786432,0 paddle2=547286,0,64324,0,419430,0 aim=0,0,0,0,0,13107 you=65536,65536,0,0,0,0 score1=393216,65536,0,0,0,65536 cpu=851968,65536,0,0,0,0 score2=1179648,65536,0,0,0,65536 audio=0,-1
218 play ball1=670908,291596,41607,-65536,648806,0 paddle1=484959,1114112,65536,0,786432,0 paddle2=554147,0,64328,0,419430,0 aim=0,0,0,0,0,13107 you=65536,65536,0,0,0,0 score1=393216,65536,0,0,0,65536 cpu=851968,65536,0,0,0,0 score2=1179648,65536,0,0,0,65536 audio=0,-1
219 play ball1=677773,280782,41607,-65536,648806,0 paddle1=498066,1114112,65536,0,786432,0 paddle2=561009,0,64332,0,419430,0 aim=0,0,0,0,0,13107 you=65536,65536,0,0,0,0 score1=393216,65536,0,0,0,65536 cpu=851968,65536,0,0,0,0 score2=1179648,65536,0,0,0,65536 audio=0,-1
220 play ball1=684638,269968,41607,-65536,648806,0 paddle1=511173,1114112,65536,0,786432,0 paddle2=567871,0,64335,0,419430,0 aim=0,0,0,0,0,13107 you=65536,65536,0,0,0,0 score1=393216,65536,0,0,0,65536 cpu=851968,65536,0,0,0,0 score2=1179648,65536,0,0,0,65536 audio=0,-1
221 play ball1=691503,259154,41607,-65536,648806,0 paddle1=524280,1114112,65536,0,786432,0 paddle2=574733,0,64338,0,419430,0 aim=0,0,0,0,0,13107 you=65536,65536,0,0,0,0 score1=393216,65536,0,0,0,65536 cpu=851968,65536,0,0,0,0 score2=1179648,65536,0,0,0,65536 audio=0,-1
222 play ball1=698368,248340,41607,-65536,648806,0 paddle1=537387,1114112,65536,0,786432,0 paddle2=581596,0,64341,0,419430,0 aim=0,0,0,0,0,13107 you=65536,65536,0,0,0,0 score1=393216,65536,0,0,0,65536 cpu=851968,65536,0,0,0,0 score2=1179648,65536,0,0,0,65536 audio=0,-1
223 play ball1=705233,237526,41607,-65536,648806,0 paddle1=550494,1114112,65536,0,786432,0 paddle2=588459,0,64343,0,419430,0 aim=0,0,0,0,0,13107 you=65536,65536,0,0,0,0 score1=393216,65536,0,0,0,65536 cpu=851968,65536,0,0,0,0 score2=1179648,65536,0,0,0,65536 audio=0,-1
224 play ball1=712098,226712,41607,-65536,648806,0 paddle1=563601,1114112,65536,0,786432,0 paddle2=595322,0,64345,0,419430,0 aim=0,0,0,0,0,13107 you=65536,65536,0,0,0,0 score1=393216,65536,0,0,0,65536 cpu=851968,65536,0,0,0,0 score2=1179648,65536,0,0,0,65536 audio=0,-1
225 play ball1=718963,215898,41607,-65536,648806,0 paddle1=576708,1114112,65536,0,786432,0 paddle2=602185,0,64347,0,419430,0 aim=0,0,0,0,0,13107 you=65536,65536,0,0,0,0 score1=393216,65536,0,0,0,65536 cpu=851968,65536,0,0,0,0 score2=1179648,65536,0,0,0,65536 audio=0,-1
226 play ball1=725828,205084,41607,-65536,648806,0 paddle1=589815,1114112,65536,0,786432,0 paddle2=609048,0,64349,0,419430,0 aim=0,0,0,0,0,13107 you=65536,65536,0,0,0,0 score1=393216,65536,0,0,0,65536 cpu=851968,65536,0,0,0,0 score2=1179648,65536,0,0,0,65536 audio=0,-1
227 play ball1=732693,194270,41607,-65536,648806,0 paddle1=602922,1114112,65536,0,786432,0 paddle2=615912,0,64351,0,419430,0 aim=0,0,0,0,0,13107 you=65536,65536,0,0,0,0 score1=393216,65536,0,0,0,65536 cpu=851968,65536,0,0,0,0 score2=1179648,65536,0,0,0,65536 audio=0,-1
228 play ball1=739558,183456,41607,-65536,648806,0 paddle1=616029,1114112,65536,0,786432,0 paddle2=622776,0,64352,0,419430,0 aim=0,0,0,0,0,13107 you=65536,65536,0,0,0,0 score1=393216,65536,0,0,0,65536 cpu=851968,65536,0,0,0,0 score2=1179648,65536,0,0,0,65536 audio=0,-1
229 play ball1=746423,172642,41607,-65536,648806,0 paddle1=629136,1114112,65536,0,786432,0 paddle2=629640,0,64353,0,419430,0 aim=0,0,0,0,0,13107 you=65536,65536,0,0,0,0 score1=393216,65536,0,0,0,65536 cpu=851968,65536,0,0,0,0 score2=1179648,65536,0,0,0,65536 audio=0,-1
230 play ball1=753288,161828,41607,-65536,648806,0 paddle1=642243,1114112,65536,0,786432,0 paddle2=636504,0,64354,0,419430,0 aim=0,0,0,0,0,13107 you=65536,65536,0,0,0,0 score1=393216,65536,0,0,0,65536 cpu=851968,65536,0,0,0,0 score2=1179648,65536,0,0,0,65536 audio=0,-1
231 play ball1=760153,151014,41607,-65536,648806,0 paddle1=655350,1114112,65536,0,786432,0 paddle2=643368,0,64355,0,419430,0 aim=0,0,0,0,0,13107 you=65536,65536,0,0,0,0 score1=393216,65536,0,0,0,65536 cpu=851968,65536,0,0,0,0 score2=1179648,65536,0,0,0,65536 audio=0,-1
232 play ball1=767018,140200,41607,-65536,648806,0 paddle1=668457,1114112,65536,0,786432,0 paddle2=650232,0,64356,0,419430,0 aim=0,0,0,0,0,13107 you=65536,65536,0,0,0,0 score1=393216,65536,0,0,0,65536 cpu=851968,65536,0,0,0,0 score2=1179648,65536,0,0,0,65536 audio=0,-1
233 play ball1=773883,129386,41607,-65536,648806,0 paddle1=681564,1114112,65536,0,786432,0 paddle2=657096,0,64357,0,419430,0 aim=0,0,0,0,0,13107 you=65536,65536,0,0,0,0 score1=393216,65536,0,0,0,65536 cpu=851968,65536,0,0,0,0 score2=1179648,65536,0,0,0,65536 audio=0,-1
234 play ball1=780748,118572,41607,-65536,648806,0 paddle1=694671,1114112,65536,0,786432,0 paddle2=663960,0,64358,0,419430,0 aim=0,0,0,0,0,13107 you=65536,65536,0,0,0,0 score1=393216,65536,0,0,0,65536 cpu=851968,65536,0,0,0,0 score2=1179648,65536,0,0,0,65536 audio=0,-1
235 play ball1=787613,107758,41607,-65536,648806,0 paddle1=707778,1114112,65536,0,786432,0 paddle2=670824,0,64359,0,419430,0 aim=0,0,0,0,0,13107 you=65536,65536,0,0,0,0 score1=393216,65536,0,0,0,65536 cpu=851968,65536,0,0,0,0 score2=1179648,65536,0,0,0,65536 audio=0,-1
236 play ball1=794478,96944,41607,-65536,648806,0 paddle1=720885,1114112,65536,0,786432,0 paddle2=677689,0,64360,0,419430,0 aim=0,0,0,0,0,13107 you=65536,65536,0,0,0,0 score1=393216,65536,0,0,0,65536 cpu=851968,65536,0,0,0,0 score2=1179648,65536,0,0,0,65536 audio=0,-1
237 play ball1=801343,86130,41607,-65536,648806,0 paddle1=733992,1114112,65536,0,786432,0 paddle2=684554,0,64360,0,419430,0 aim=0,0,0,0,0,13107 you=65536,65536,0,0,0,0 score1=393216,65536,0,0,0,65536 cpu=851968,65536,0,0,0,0 score2=1179648,65536,0,0,0,65536 audio=0,-1
238 play ball1=808208,75316,41607,-65536,648806,0 paddle1=747099,1114112,65536,0,786432,0 paddle2=691419,0,64360,0,419430,0 aim=0,0,0,0,0,13107 you=65536,65536,0,0,0,0 score1=393216,65536,0,0,0,65536 cpu=851968,65536,0,0,0,0 score2=1179648,65536,0,0,0,65536 audio=0,-1
239 play ball1=815073,65536,17084,65536,648806,0 paddle1=760206,1114112,65536,0,786432,0 paddle2=698284,0,64360,0,419430,0 aim=0,0,0,0,0,117963 you=65536,65536,0,0,0,0 score1=393216,65536,0,0,0,65536 cpu=851968,65536,0,0,0,0 score2=1179648,65536,0,0,0,65536 audio=0,0
240 play ball1=817891,76349,17084,65536,648806,0 paddle1=773313,1114112,65536,0,786432,0 paddle2=705274,0,65536,0,419430,0 aim=0,0,0,0,0,117963 you=65536,65536,0,0,0,0 score1=393216,65536,0,0,0,65536 cpu=851968,65536,0,0,0,0 score2=1179648,65536,0,0,0,65536 audio=0,-1
241 play ball1=820709,87162,17084,65536,648806,0 paddle1=786420,1114112,65536,0,786432,0 paddle2=712264,0,65536,0,419430,0 aim=0,0,0,0,0,117963 you=65536,65536,0,0,0,0 score1=393216,65536,0,0,0,65536 cpu=851968,65536,0,0,0,0 score2=1179648,65536,0,0,0,65536 audio=0,-1
242 play ball1=823527,97975,17084,65536,648806,0 paddle1=799527,1114112,65536,0,786432,0 paddle2=719254,0,65536,0,419430,0 aim=0,0,0,0,0,117963 you=65536,65536,0,0,0,0 score1=393216,65536,0,0,0,65536 cpu=851968,65536,0,0,0,0 score2=1179648,65536,0,0,0,65536 audio=0,-1
243 play ball1=826345,108788,17084,65536,648806,0 paddle1=812634,1114112,65536,0,786432,0 paddle2=726244,0,65536,0,419430,0 aim=0,0,0,0,0,117963 you=65536,65536,0,0,0,0 score1=393216,65536,0,0,0,65536 cpu=851968,65536,0,0,0,0 score2=1179648,65536,0,0,0,65536 audio=0,-1
244 play ball1=829163,119601,17084,65536,648806,0 paddle1=825741,1114112,65536,0,786432,0 paddle2=733234,0,65536,0,419430,0 aim=0,0,0,0,0,117963 you=65536,65536,0,0,0,0 score1=393216,65536,0,0,0,65536 cpu=851968,65536,0,0,0,0 score2=1179648,65536,0,0,0,65536 audio=0,-1
245 play ball1=831981,130414,17084,65536,648806,0 paddle1=838848,1114112,65536,0,786432,0 paddle2=740224,0,65536,0,419430,0 aim=0,0,0,0,0,117963 you=65536,65536,0,0,0,0 score1=393216,65536,0,0,0,65536 cpu=851968,65536,0,0,0,0 score2=1179648,65536,0,0,0,65536 audio=0,-1
246 play ball1=834799,141227,17084,65536,648806,0 paddle1=851955,1114112,65536,0,786432,0 paddle2=747214,0,65536,0,419430,0 aim=0,0,0,0,0,117963 you=65536,65536,0,0,0,0 score1=393216,65536,0,0,0,65536 cpu=851968,65536,0,0,0,0 score2=1179648,65536,0,0,0,65536 audio=0,-1
247 play ball1=837617,152040,17084,65536,648806,0 paddle1=865062,1114112,65536,0,786432,0 paddle2=754204,0,65536,0,419430,0 aim=0,0,0,0,0,117963 you=65536,65536,0,0,0,0 score1=393216,65536,0,0,0,65536 cpu=851968,65536,0,0,0,0 score2=1179648,65536,0,0,0,65536 audio=0,-1
248 play ball1=840435,162853,17084,65536,648806,0 paddle1=878169,1114112,65536,0,786432,0 paddle2=761194,0,65536,0,419430,0 aim=0,0,0,0,0,117963 you=65536,65536,0,0,0,0 score1=393216,65536,0,0,0,65536 cpu=851968,65536,0,0,0,0 score2=1179648,65536,0,0,0,65536 audio=0,-1
249 play ball1=843253,173666,17084,65536,648806,0 paddle1=891276,1114112,65536,0,786432,0 paddle2=768184,0,65536,0,419430,0 aim=0,0,0,0,0,117963 you=65536,65536,0,0,0,0 score1=393216,65536,0,0,0,65536 cpu=851968,65536,0,0,0,0 score2=1179648,65536,0,0,0,65536 audio=0,-1
250 play ball1=846071,184479,17084,65536,648806,0 paddle1=904383,1114112,65536,0,786432,0 paddle2=775174,0,65536,0,419430,0 aim=0,0,0,0,0,117963 you=65536,65536,0,0,0,0 score1=393216,65536,0,0,0,65536 cpu=851968,65536,0,0,0,0 score2=1179648,65536,0,0,0,65536 audio=0,-1
251 play ball1=848889,195292,17084,65536,648806,0 paddle1=917490,1114112,65536,0,786432,0 paddle2=782164,0,65536,0,419430,0 aim=0,0,0,0,0,117963 you=65536,65536,0,0,0,0 score1=393216,65536,0,0,0,65536 cpu=851968,65536,0,0,0,0 score2=1179648,65536,0,0,0,65536 audio=0,-1
252 play ball1=851707,206105,17084,65536,648806,0 paddle1=930597,1114112,65536,0,786432,0 paddle2=789154,0,65536,0,419430,0 aim=0,0,0,0,0,117963 you=65536,65536,0,0,0,0 score1=393216,65536,0,0,0,65536 cpu=851968,65536,0,0,0,0 score2=1179648,65536,0,0,0,65536 audio=0,-1
253 play ball1=854525,216918,17084,65536,648806,0 paddle1=943704,1114112,65536,0,786432,0 paddle2=796144,0,65536,0,419430,0 aim=0,0,0,0,0,117963 you=65536,65536,0,0,0,0 score1=393216,65536,0,0,0,65536 cpu=851968,65536,0,0,0,0 score2=1179648,65536,0,0,0,65536 audio=0,-1
254 play ball1=857343,227731,17084,65536,648806,0 paddle1=956811,1114112,65536,0,786432,0 paddle2=803134,0,65536,0,419430,0 aim=0,0,0,0,0,117963 you=65536,65536,0,0,0,0 score1=393216,65536,0,0,0,65536 cpu=851968,65536,0,0,0,0 score2=1179648,65536,0,0,0,65536 audio=0,-1
255 play ball1=860161,238544,17084,65536,648806,0 paddle1=969918,1114112,65536,0,786432,0 paddle2=810124,0,65536,0,419430,0 aim=0,0,0,0,0,117963 you=65536,65536,0,0,0,0 score1=393216,65536,0,0,0,65536 cpu=851968,65536,0,0,0,0 score2=1179648,65536,0,0,0,65536 audio=0,-1
256 play ball1=862979,249357,17084,65536,648806,0 paddle1=983025,1114112,65536,0,786432,0 paddle2=817114,0,65536,0,419430,0 aim=0,0,0,0,0,117963 you=65536,65536,0,0,0,0 score1=393216,65536,0,0,0,65536 cpu=851968,65536,0,0,0,0 score2=1179648,65536,0,0,0,65536 audio=0,-1
257 play ball1=865797,260170,17084,65536,648806,0 paddle1=996132,1114112,65536,0,786432,0 paddle2=824104,0,65536,0,419430,0 aim=0,0,0,0,0,117963 you=65536,65536,0,0,0,0 score1=393216,65536,0,0,0,65536 cpu=851968,65536,0,0,0,0 score2=1179648,65536,0,0,0,65536 audio=0,-1
258 play ball1=868615,270983,17084,65536,648806,0 paddle1=1009239,1114112,65536,0,786432,0 paddle2=831094,0,65536,0,419430,0 aim=0,0,0,0,0,117963 you=65536,65536,0,0,0,0 score1=393216,65536,0,0,0,65536 cpu=851968,65536,0,0,0,0 score2=1179648,65536,0,0,0,65536 audio=0,-1
259 play ball1=871433,281796,17084,65536,648806,0 paddle1=1022346,1114112,65536,0,786432,0 paddle2=838084,0,65536,0,419430,0 aim=0,0,0,0,0,117963 you=65536,65536,0,0,0,0 score1=393216,65536,0,0,0,65536 cpu=851968,65536,0,0,0,0 score2=1179648,65536,0,0,0,65536 audio=0,-1
260 play ball1=874251,292609,17084,65536,648806,0 paddle1=1035453,1114112,65536,0,786432,0 paddle2=845074,0,65536,0,419430,0 aim=0,0,0,0,0,117963 you=65536,65536,0,0,0,0 score1=393216,65536,0,0,0,65536 cpu=851968,65536,0,0,0,0 score2=1179648,65536,0,0,0,65536 audio=0,-1
261 play ball1=877069,303422,17084,65536,648806,0 paddle1=1048560,1114112,65536,0,786432,0 paddle2=852064,0,65536,0,419430,0 aim=0,0,0,0,0,117963 you=65536,65536,0,0,0,0 score1=393216,65536,0,0,0,65536 cpu=851968,65536,0,0,0,0 score2=1179648,65536,0,0,0,65536 audio=0,-1
262 play ball1=879887,314235,17084,65536,648806,0 paddle1=1061667,1114112,65536,0,786432,0 paddle2=859054,0,65536,0,419430,0 aim=0,0,0,0,0,117963 you=65536,65536,0,0,0,0 score1=393216,65536,0,0,0,65536 cpu=851968,65536,0,0,0,0 score2=1179648,65536,0,0,0,65536 audio=0,-1
263 play ball1=882705,325048,17084,65536,648806,0 paddle1=1074774,1114112,65536,0,786432,0 paddle2=866044,0,65536,0,419430,0 aim=0,0,0,0,0,117963 you=65536,65536,0,0,0,0 score1=393216,65536,0,0,0,65536 cpu=851968,65536,0,0,0,0 score2=1179648,65536,0,0,0,65536 audio=0,-1
264 play ball1=885523,335861,17084,65536,648806,0 paddle1=1087881,1114112,65536,0,786432,0 paddle2=873034,0,65536,0,419430,0 aim=0,0,0,0,0,117963 you=65536,65536,0,0,0,0 score1=393216,65536,0,0,0,65536 cpu=851968,65536,0,0,0,0 score2=1179648,65536,0,0,0,65536 audio=0,-1
265 play ball1=888341,346674,17084,65536,648806,0 paddle1=1100988,1114112,65536,0,786432,0 paddle2=879958,0,64916,0,419430,0 aim=0,0,0,0,0,117963 you=65536,65536,0,0,0,0 score1=393216,65536,0,0,0,65536 cpu=851968,65536,0,0,0,0 score2=1179648,65536,0,0,0,65536 audio=0,-1
266 play ball1=891159,357487,17084,65536,648806,0 paddle1=1114095,1114112,65536,0,786432,0 paddle2=886444,0,60810,0,419430,0 aim=0,0,0,0,0,117963 you=65536,65536,0,0,0,0 score1=393216,65536,0,0,0,65536 cpu=851968,65536,0,0,0,0 score2=1179648,65536,0,0,0,65536 audio=0,-1
267 play ball1=893977,368300,17084,65536,648806,0 paddle1=1114112,1114112,0,0,786432,0 paddle2=892539,0,57142,0,419430,0 aim=0,0,0,0,0,117963 you=65536,65536,0,0,0,0 score1=393216,65536,0,0,0,65536 cpu=851968,65536,0,0,0,0 score2=1179648,65536,0,0,0,65536 audio=0,-1
268 play ball1=896795,379113,17084,65536,648806,0 paddle1=1114112,1114112,65536,0,786432,0 paddle2=898284,0,53865,0,419430,0 aim=0,0,0,0,0,117963 you=65536,65536,0,0,0,0 score1=393216,65536,0,0,0,65536 cpu=851968,65536,0,0,0,0 score2=1179648,65536,0,0,0,65536 audio=0,-1
269 play ball1=899613,389926,17084,65536,648806,0 paddle1=1114112,1114112,65536,0,786432,0 paddle2=903717,0,50938,0,419430,0 aim=0,0,0,0,0,117963 you=65536,65536,0,0,0,0 score1=393216,65536,0,0,0,65536 cpu=851968,65536,0,0,0,0 score2=1179648,65536,0,0,0,65536 audio=0,-1
270 play ball1=902431,400739,17084,65536,648806,0 paddle1=1114112,1114112,65536,0,786432,0 paddle2=908871,0,48323,0,419430,0 aim=0,0,0,0,0,117963 you=65536,65536,0,0,0,0 score1=393216,65536,0,0,0,65536 cpu=851968,65536,0,0,0,0 score2=1179648,65536,0,0,0,65536 audio=0,-1
271 play ball1=905249,411552,17084,65536,648806,0 paddle1=1114112,1114112,65536,0,786432,0 paddle2=913776,0,45987,0,419430,0 aim=0,0,0,0,0,117963 you=65536,65536,0,0,0,0 score1=393216,65536,0,0,0,65536 cpu=851968,65536,0,0,0,0 score2=1179648,65536,0,0,0,65536 audio=0,-1
272 play ball1=908067,422365,17084,65536,648806,0 paddle1=1114112,1114112,65536,0,786432,0 paddle2=918458,0,43900,0,419430,0 aim=0,0,0,0,0,117963 you=65536,65536,0,0,0,0 score1=393216,65536,0,0,0,65536 cpu=851968,65536,0,0,0,0 score2=1179648,65536,0,0,0,65536 audio=0,-1
273 play ball1=910885,433178,17084,65536,648806,0 paddle1=1114112,1114112,65536,0,786432,0 paddle2=922941,0,42036,0,419430,0 aim=0,0,0,0,0,117963 you=65536,65536,0,0,0,0 score1=393216,65536,0,0,0,65536 cpu=851968,65536,0,0,0,0 score2=1179648,65536,0,0,0,65536 audio=0,-1
274 play ball1=913703,443991,17084,65536,648806,0 paddle1=1114112,1114112,65536,0,786432,0 paddle2=927247,0,40371,0,419430,0 aim=0,0,0,0,0,117963 you=65536,65536,0,0,0,0 score1=393216,65536,0,0,0,65536 cpu=851968,65536,0,0,0,0 score2=1179648,65536,0,0,0,65536 audio=0,-1
275 play ball1=916521,454804,17084,65536,648806,0 paddle1=1114112,1114112,65536,0,786432,0 paddle2=931394,0,38883,0,419430,0 aim=0,0,0,0,0,117963 you=65536,65536,0,0,0,0 score1=393216,65536,0,0,0,65536 cpu=851968,65536,0,0,0,0 score2=1179648,65536,0,0,0,65536 audio=0,-1
276 play ball1=919339,465617,17084,65536,648806,0 paddle1=1114112,1114112,65536,0,786432,0 paddle2=935399,0,37554,0,419430,0 aim=0,0,0,0,0,117963 you=65536,65536,0,0,0,0 score1=393216,65536,0,0,0,65536 cpu=851968,65536,0,0,0,0 score2=1179648,65536,0,0,0,65536 audio=0,-1
277 play ball1=922157,476430,17084,65536,648806,0 paddle1=1114112,1114112,65536,0,786432,0 paddle2=939278,0,36367,0,419430,0 aim=0,0,0,0,0,117963 you=65536,65536,0,0,0,0 score1=393216,65536,0,0,0,65536 cpu=851968,65536,0,0,0,0 score2=1179648,65536,0,0,0,65536 audio=0,-1
278 play ball1=924975,487243,17084,65536,648806,0 paddle1=1114112,1114112,65536,0,786432,0 paddle2=943043,0,35306,0,419430,0 aim=0,0,0,0,0,117963 you=65536,65536,0,0,0,0 score1=393216,65536,0,0,0,65536 cpu=851968,65536,0,0,0,0 score2=1179648,65536,0,0,0,65536 audio=0,-1
279 play ball1=927793,498056,17084,65536,648806,0 paddle1=1114112,1114112,65536,0,786432,0 paddle2=946707,0,34359,0,419430,0 aim=0,0,0,0,0,117963 you=65536,65536,0,0,0,0 score1=393216,65536,0,0,0,65536 cpu=851968,65536,0,0,0,0 score2=1179648,65536,0,0,0,65536 audio=0,-1
280 play ball1=930611,508869,17084,65536,648806,0 paddle1=1114112,1114112,65536,0,786432,0 paddle2=950281,0,33513,0,419430,0 aim=0,0,0,0,0,117963 you=65536,65536,0,0,0,0 score1=393216,65536,0,0,0,65536 cpu=851968,65536,0,0,0,0 score2=1179648,65536,0,0,0,65536 audio=0,-1
281 play ball1=933429,519682,17084,65536,648806,0 paddle1=1114112,1114112,65536,0,786432,0 paddle2=953775,0,32757,0,419430,0 aim=0,0,0,0,0,117963 you=65536,65536,0,0,0,0 score1=393216,65536,0,0,0,65536 cpu=851968,65536,0,0,0,0 score2=1179648,65536,0,0,0,65536 audio=0,-1
282 play ball1=936247,530495,17084,65536,648806,0 paddle1=1114112,1114112,65536,0,786432,0 paddle2=957196,0,32081,0,419430,0 aim=0,0,0,0,0,117963 you=65536,65536,0,0,0,0 score1=393216,65536,0,0,0,65536 cpu=851968,65536,0,0,0,0 score2=1179648,65536,0,0,0,65536 audio=0,-1
283 play ball1=939065,541308,17084,65536,648806,0 paddle1=1114112,1114112,65536,0,786432,0 paddle2=960553,0,31478,0,419430,0 aim=0,0,0,0,0,117963 you=65536,65536,0,0,0,0 score1=393216,65536,0,0,0,65536 cpu=851968,65536,0,0,0,0 score2=1179648,65536,0,0,0,65536 audio=0,-1
284 play ball1=941883,552121,17084,65536,648806,0 paddle1=1114112,1114112,65536,0,786432,0 paddle2=963853,0,30939,0,419430,0 aim=0,0,0,0,0,117963 you=65536,65536,0,0,0,0 score1=393216,65536,0,0,0,65536 cpu=851968,65536,0,0,0,0 score2=1179648,65536,0,0,0,65536 audio=0,-1
285 play ball1=944701,562934,17084,65536,648806,0 paddle1=1114112,1114112,65536,0,786432,0 paddle2=967101,0,30457,0,419430,0 aim=0,0,0,0,0,117963 you=65536,65536,0,0,0,0 score1=393216,65536,0,0,0,65536 cpu=851968,65536,0,0,0,0 score2=1179648,65536,0,0,0,65536 audio=0,-1
286 play ball1=947519,573747,17084,65536,648806,0 paddle1=1114112,1114112,65536,0,786432,0 paddle2=970303,0,30027,0,419430,0 aim=0,0,0,0,0,117963 you=65536,65536,0,0,0,0 score1=393216,65536,0,0,0,65536 cpu=851968,65536,0,0,0,0 score2=1179648,65536,0,0,0,65536 audio=0,-1
287 play ball1=950337,584560,17084,65536,648806,0 paddle1=1114112,1114112,65536,0,786432,0 paddle2=973464,0,29643,0,419430,0 aim=0,0,0,0,0,117963 you=65536,65536,0,0,0,0 score1=393216,65536,0,0,0,65536 cpu=851968,65536,0,0,0,0 score2=1179648,65536,0,0,0,65536 audio=0,-1
288 play ball1=953155,595373,17084,65536,648806,0 paddle1=1114112,1114112,65536,0,786432,0 paddle2=976589,0,29300,0,419430,0 aim=0,0,0,0,0,117963 you=65536,65536,0,0,0,0 score1=393216,65536,0,0,0,65536 cpu=851968,65536,0,0,0,0 score2=1179648,65536,0,0,0,65536 audio=0,-1
289 play ball1=955973,606186,17084,65536,648806,0 paddle1=1114112,1114112,65536,0,786432,0 paddle2=979681,0,28993,0,419430,0 aim=0,0,0,0,0,117963 you=65536,65536,0,0,0,0 score1=393216,65536,0,0,0,65536 cpu=851968,65536,0,0,0,0 score2=1179648,65536,0,0,0,65536 audio=0,-1
290 play ball1=958791,616999,17084,65536,648806,0 paddle1=1114112,1114112,65536,0,786432,0 paddle2=982744,0,28719,0,419430,0 aim=0,0,0,0,0,117963 you=65536,65536,0,0,0,0 score1=393216,65536,0,0,0,65536 cpu=851968,65536,0,0,0,0 score2=1179648,65536,0,0,0,65536 audio=0,-1
291 play ball1=961609,627812,17084,65536,648806,0 paddle1=1114112,1114112,65536,0,786432,0 paddle2=985781,0,28474,0,419430,0 aim=0,0,0,0,0,117963 you=65536,65536,0,0,0,0 score1=393216,65536,0,0,0,65536 cpu=851968,65536,0,0,0,0 score2=1179648,65536,0,0,0,65536 audio=0,-1
292 play ball1=964427,638625,17084,65536,648806,0 paddle1=1114112,1114112,65536,0,786432,0 paddle2=988794,0,28255,0,419430,0 aim=0,0,0,0,0,117963 you=65536,65536,0,0,0,0 score1=393216,65536,0,0,0,65536 cpu=851968,65536,0,0,0,0 score2=1179648,65536,0,0,0,65536 audio=0,-1
293 play ball1=967245,649438,17084,65536,648806,0 paddle1=1114112,1114112,65536,0,786432,0 paddle2=991787,0,28060,0,419430,0 aim=0,0,0,0,0,117963 you=65536,65536,0,0,0,0 score1=393216,65536,0,0,0,65536 cpu=851968,65536,0,0,0,0 score2=1179648,65536,0,0,0,65536 audio=0,-1
294 play ball1=970063,660251,17084,65536,648806,0 paddle1=1114112,1114112,65536,0,786432,0 paddle2=994761,0,27885,0,419430,0 aim=0,0,0,0,0,117963 you=65536,65536,0,0,0,0 score1=393216,65536,0,0,0,65536 cpu=851968,65536,0,0,0,0 score2=1179648,65536,0,0,0,65536 audio=0,-1
295 play ball1=972881,671064,17084,65536,648806,0 paddle1=1114112,1114112,65536,0,786432,0 paddle2=997718,0,27729,0,419430,0 aim=0,0,0,0,0,117963 you=65536,65536,0,0,0,0 score1=393216,65536,0,0,0,65536 cpu=851968,65536,0,0,0,0 score2=1179648,65536,0,0,0,65536 audio=0,-1
296 play ball1=975699,681877,17084,65536,648806,0 paddle1=1114112,1114112,65536,0,786432,0 paddle2=1000660,0,27590,0,419430,0 aim=0,0,0,0,0,117963 you=65536,65536,0,0,0,0 score1=393216,65536,0,0,0,65536 cpu=851968,65536,0,0,0,0 score2=1179648,65536,0,0,0,65536 audio=0,-1
297 play ball1=978517,692690,17084,65536,648806,0 paddle1=1114112,1114112,65536,0,786432,0 paddle2=1003589,0,27466,0,419430,0 aim=0,0,0,0,0,117963 you=65536,65536,0,0,0,0 score1=393216,65536,0,0,0,65536 cpu=851968,65536,0,0,0,0 score2=1179648,65536,0,0,0,65536 audio=0,-1
298 play ball1=981335,703503,17084,65536,648806,0 paddle1=1114112,1114112,65536,0,786432,0 paddle2=1006506,0,27355,0,419430,0 aim=0,0,0,0,0,117963 you=65536,65536,0,0,0,0 score1=393216,65536,0,0,0,65536 cpu=851968,65536,0,0,0,0 score2=1179648,65536,0,0,0,65536 audio=0,-1
299 play ball1=984153,714316,17084,65536,648806,0 paddle1=1114112,1114112,65536,0,786432,0 paddle2=1009413,0,27256,0,419430,0 aim=0,0,0,0,0,117963 you=65536,65536,0,0,0,0 score1=393216,65536,0,0,0,65536 cpu=851968,65536,0,0,0,0 score2=1179648,65536,0,0,0,65536 audio=0,-1
300 play ball1=986971,725129,17084,65536,648806,0 paddle1=1114112,1114112,65536,0,786432,0 paddle2=1012310,0,27167,0,419430,0 aim=0,0,0,0,0,117963 you=65536,65536,0,0,0,0 score1=393216,65536,0,0,0,65536 cpu=851968,65536,0,0,0,0 score2=1179648,65536,0,0,0,65536 audio=0,-1
301 play ball1=989789,735942,17084,65536,648806,0 paddle1=1114112,1114112,65536,0,786432,0 paddle2=1015199,0,27088,0,419430,0 aim=0,0,0,0,0,117963 you=65536,65536,0,0,0,0 score1=393216,65536,0,0,0,65536 cpu=851968,65536,0,0,0,0 score2=1179648,65536,0,0,0,65536 audio=0,-1
